# github.com/sub2api/plugin-market/cmd/server
go: no such tool "covdata"
# github.com/sub2api/plugin-market/ent
go: no such tool "covdata"
# github.com/sub2api/plugin-market/ent/downloadlog
go: no such tool "covdata"
# github.com/sub2api/plugin-market/ent/enttest
go: no such tool "covdata"
# github.com/sub2api/plugin-market/ent/hook
go: no such tool "covdata"
# github.com/sub2api/plugin-market/ent/migrate
go: no such tool "covdata"
# github.com/sub2api/plugin-market/internal/api/v1
go: no such tool "covdata"
# github.com/sub2api/plugin-market/ent/pluginversion
go: no such tool "covdata"
# github.com/sub2api/plugin-market/ent/schema
go: no such tool "covdata"
# github.com/sub2api/plugin-market/ent/trustkey
go: no such tool "covdata"
# github.com/sub2api/plugin-market/ent/plugin
go: no such tool "covdata"
?   	github.com/sub2api/plugin-market/ent/predicate	[no test files]
?   	github.com/sub2api/plugin-market/ent/runtime	[no test files]
# github.com/sub2api/plugin-market/ent/submission
go: no such tool "covdata"
# github.com/sub2api/plugin-market/internal/service
go: no such tool "covdata"
# github.com/sub2api/plugin-market/internal/api/v1/middleware
go: no such tool "covdata"
# github.com/sub2api/plugin-market/internal/repository
go: no such tool "covdata"
=== RUN   TestResponseSuccess
--- PASS: TestResponseSuccess (0.00s)
=== RUN   TestResponseError
--- PASS: TestResponseError (0.00s)
PASS
coverage: 2.9% of statements
ok  	github.com/sub2api/plugin-market/internal/api/v1/handler	0.363s	coverage: 2.9% of statements
=== RUN   TestListPlugins_Empty
[GIN] 2026/03/03 - 09:46:22 | 200 |     724.875µs |                 | GET     /api/v1/plugins 
--- PASS: TestListPlugins_Empty (0.00s)
=== RUN   TestListPlugins_WithData
[GIN] 2026/03/03 - 09:46:22 | 200 |     163.209µs |                 | GET     /api/v1/plugins 
--- PASS: TestListPlugins_WithData (0.00s)
=== RUN   TestListPlugins_WithCategory
[GIN] 2026/03/03 - 09:46:22 | 200 |      80.459µs |                 | GET     /api/v1/plugins?category=analytics 
--- PASS: TestListPlugins_WithCategory (0.00s)
=== RUN   TestListPlugins_WithSearch
[GIN] 2026/03/03 - 09:46:22 | 200 |     116.833µs |                 | GET     /api/v1/plugins?search=assistant 
--- PASS: TestListPlugins_WithSearch (0.00s)
=== RUN   TestListPlugins_Pagination
[GIN] 2026/03/03 - 09:46:22 | 200 |      59.292µs |                 | GET     /api/v1/plugins?page=1&page_size=2 
--- PASS: TestListPlugins_Pagination (0.00s)
=== RUN   TestGetPluginDetail_Success
[GIN] 2026/03/03 - 09:46:22 | 200 |     101.875µs |                 | GET     /api/v1/plugins/test-plugin 
--- PASS: TestGetPluginDetail_Success (0.00s)
=== RUN   TestGetPluginDetail_NotFound
[GIN] 2026/03/03 - 09:46:22 | 200 |      22.125µs |                 | GET     /api/v1/plugins/non-existent 
--- PASS: TestGetPluginDetail_NotFound (0.00s)
=== RUN   TestGetPluginVersions_Success
[GIN] 2026/03/03 - 09:46:22 | 200 |     133.625µs |                 | GET     /api/v1/plugins/test-plugin/versions 
--- PASS: TestGetPluginVersions_Success (0.00s)
=== RUN   TestGetPluginVersions_Empty
[GIN] 2026/03/03 - 09:46:22 | 200 |      46.875µs |                 | GET     /api/v1/plugins/test-plugin/versions 
--- PASS: TestGetPluginVersions_Empty (0.00s)
=== RUN   TestGetPluginVersions_NotFound
[GIN] 2026/03/03 - 09:46:22 | 200 |      22.458µs |                 | GET     /api/v1/plugins/non-existent/versions 
--- PASS: TestGetPluginVersions_NotFound (0.00s)
=== RUN   TestListTrustKeys_Empty
[GIN] 2026/03/03 - 09:46:22 | 200 |      86.042µs |                 | GET     /api/v1/trust-keys 
--- PASS: TestListTrustKeys_Empty (0.00s)
=== RUN   TestListTrustKeys_WithData
[GIN] 2026/03/03 - 09:46:22 | 200 |      49.875µs |                 | GET     /api/v1/trust-keys 
--- PASS: TestListTrustKeys_WithData (0.00s)
=== RUN   TestListTrustKeys_FilterByType
[GIN] 2026/03/03 - 09:46:22 | 200 |      31.792µs |                 | GET     /api/v1/trust-keys?key_type=official 
--- PASS: TestListTrustKeys_FilterByType (0.00s)
=== RUN   TestListTrustKeys_FilterByActive
[GIN] 2026/03/03 - 09:46:22 | 200 |      27.792µs |                 | GET     /api/v1/trust-keys?is_active=true 
--- PASS: TestListTrustKeys_FilterByActive (0.00s)
=== RUN   TestGetTrustKeyDetail_Success
[GIN] 2026/03/03 - 09:46:22 | 200 |      25.292µs |                 | GET     /api/v1/trust-keys/test-key 
--- PASS: TestGetTrustKeyDetail_Success (0.00s)
=== RUN   TestGetTrustKeyDetail_NotFound
[GIN] 2026/03/03 - 09:46:22 | 200 |      15.542µs |                 | GET     /api/v1/trust-keys/non-existent 
--- PASS: TestGetTrustKeyDetail_NotFound (0.00s)
=== RUN   TestConcurrentDownload
[GIN] 2026/03/03 - 09:46:22 | 200 |    2.103875ms |                 | GET     /api/v1/plugins/test-plugin/versions 
[GIN] 2026/03/03 - 09:46:22 | 200 |    1.892167ms |                 | GET     /api/v1/plugins/test-plugin/versions 
[GIN] 2026/03/03 - 09:46:22 | 200 |    1.800125ms |                 | GET     /api/v1/plugins/test-plugin/versions 
[GIN] 2026/03/03 - 09:46:22 | 200 |    1.321542ms |                 | GET     /api/v1/plugins/test-plugin/versions 
[GIN] 2026/03/03 - 09:46:22 | 200 |    1.359416ms |                 | GET     /api/v1/plugins/test-plugin/versions 
[GIN] 2026/03/03 - 09:46:22 | 200 |     1.88275ms |                 | GET     /api/v1/plugins/test-plugin/versions 
[GIN] 2026/03/03 - 09:46:22 | 200 |     911.959µs |                 | GET     /api/v1/plugins/test-plugin/versions 
[GIN] 2026/03/03 - 09:46:22 | 200 |      1.9765ms |                 | GET     /api/v1/plugins/test-plugin/versions 
[GIN] 2026/03/03 - 09:46:22 | 200 |    2.653125ms |                 | GET     /api/v1/plugins/test-plugin/versions 
[GIN] 2026/03/03 - 09:46:22 | 200 |     485.833µs |                 | GET     /api/v1/plugins/test-plugin/versions 
[GIN] 2026/03/03 - 09:46:22 | 200 |     400.667µs |                 | GET     /api/v1/plugins/test-plugin/versions 
[GIN] 2026/03/03 - 09:46:22 | 200 |     580.417µs |                 | GET     /api/v1/plugins/test-plugin/versions 
[GIN] 2026/03/03 - 09:46:22 | 200 |     682.583µs |                 | GET     /api/v1/plugins/test-plugin/versions 
[GIN] 2026/03/03 - 09:46:22 | 200 |    1.311458ms |                 | GET     /api/v1/plugins/test-plugin/versions 
[GIN] 2026/03/03 - 09:46:22 | 200 |     451.167µs |                 | GET     /api/v1/plugins/test-plugin/versions 
[GIN] 2026/03/03 - 09:46:22 | 200 |     750.834µs |                 | GET     /api/v1/plugins/test-plugin/versions 
[GIN] 2026/03/03 - 09:46:22 | 200 |     823.708µs |                 | GET     /api/v1/plugins/test-plugin/versions 
[GIN] 2026/03/03 - 09:46:22 | 200 |      3.7655ms |                 | GET     /api/v1/plugins/test-plugin/versions 
[GIN] 2026/03/03 - 09:46:22 | 200 |    2.386958ms |                 | GET     /api/v1/plugins/test-plugin/versions 
[GIN] 2026/03/03 - 09:46:22 | 200 |    1.183708ms |                 | GET     /api/v1/plugins/test-plugin/versions 
[GIN] 2026/03/03 - 09:46:22 | 200 |    2.868125ms |                 | GET     /api/v1/plugins/test-plugin/versions 
[GIN] 2026/03/03 - 09:46:22 | 200 |    2.275084ms |                 | GET     /api/v1/plugins/test-plugin/versions 
[GIN] 2026/03/03 - 09:46:22 | 200 |     623.167µs |                 | GET     /api/v1/plugins/test-plugin/versions 
[GIN] 2026/03/03 - 09:46:22 | 200 |    1.370875ms |                 | GET     /api/v1/plugins/test-plugin/versions 
[GIN] 2026/03/03 - 09:46:22 | 200 |     394.292µs |                 | GET     /api/v1/plugins/test-plugin/versions 
[GIN] 2026/03/03 - 09:46:22 | 200 |     679.583µs |                 | GET     /api/v1/plugins/test-plugin/versions 
[GIN] 2026/03/03 - 09:46:22 | 200 |    2.791416ms |                 | GET     /api/v1/plugins/test-plugin/versions 
[GIN] 2026/03/03 - 09:46:22 | 200 |     451.166µs |                 | GET     /api/v1/plugins/test-plugin/versions 
[GIN] 2026/03/03 - 09:46:22 | 200 |     409.042µs |                 | GET     /api/v1/plugins/test-plugin/versions 
[GIN] 2026/03/03 - 09:46:22 | 200 |         609µs |                 | GET     /api/v1/plugins/test-plugin/versions 
[GIN] 2026/03/03 - 09:46:22 | 200 |     308.125µs |                 | GET     /api/v1/plugins/test-plugin/versions 
[GIN] 2026/03/03 - 09:46:22 | 200 |     796.833µs |                 | GET     /api/v1/plugins/test-plugin/versions 
[GIN] 2026/03/03 - 09:46:22 | 200 |     726.458µs |                 | GET     /api/v1/plugins/test-plugin/versions 
[GIN] 2026/03/03 - 09:46:22 | 200 |     844.375µs |                 | GET     /api/v1/plugins/test-plugin/versions 
[GIN] 2026/03/03 - 09:46:22 | 200 |     420.291µs |                 | GET     /api/v1/plugins/test-plugin/versions 
[GIN] 2026/03/03 - 09:46:22 | 200 |     678.417µs |                 | GET     /api/v1/plugins/test-plugin/versions 
[GIN] 2026/03/03 - 09:46:22 | 200 |    4.473584ms |                 | GET     /api/v1/plugins/test-plugin/versions 
[GIN] 2026/03/03 - 09:46:22 | 200 |     483.541µs |                 | GET     /api/v1/plugins/test-plugin/versions 
[GIN] 2026/03/03 - 09:46:22 | 200 |     811.834µs |                 | GET     /api/v1/plugins/test-plugin/versions 
[GIN] 2026/03/03 - 09:46:22 | 200 |         490µs |                 | GET     /api/v1/plugins/test-plugin/versions 
[GIN] 2026/03/03 - 09:46:22 | 200 |     4.85725ms |                 | GET     /api/v1/plugins/test-plugin/versions 
[GIN] 2026/03/03 - 09:46:22 | 200 |      807.25µs |                 | GET     /api/v1/plugins/test-plugin/versions 
[GIN] 2026/03/03 - 09:46:22 | 200 |    1.631042ms |                 | GET     /api/v1/plugins/test-plugin/versions 
[GIN] 2026/03/03 - 09:46:22 | 200 |    5.194833ms |                 | GET     /api/v1/plugins/test-plugin/versions 
[GIN] 2026/03/03 - 09:46:22 | 200 |    4.133541ms |                 | GET     /api/v1/plugins/test-plugin/versions 
[GIN] 2026/03/03 - 09:46:22 | 200 |         999µs |                 | GET     /api/v1/plugins/test-plugin/versions 
[GIN] 2026/03/03 - 09:46:22 | 200 |     742.791µs |                 | GET     /api/v1/plugins/test-plugin/versions 
[GIN] 2026/03/03 - 09:46:22 | 200 |      370.75µs |                 | GET     /api/v1/plugins/test-plugin/versions 
[GIN] 2026/03/03 - 09:46:22 | 200 |     433.709µs |                 | GET     /api/v1/plugins/test-plugin/versions 
[GIN] 2026/03/03 - 09:46:22 | 200 |     375.542µs |                 | GET     /api/v1/plugins/test-plugin/versions 
[GIN] 2026/03/03 - 09:46:22 | 200 |    5.186584ms |                 | GET     /api/v1/plugins/test-plugin/versions 
[GIN] 2026/03/03 - 09:46:22 | 200 |    1.005416ms |                 | GET     /api/v1/plugins/test-plugin/versions 
[GIN] 2026/03/03 - 09:46:22 | 200 |    4.634708ms |                 | GET     /api/v1/plugins/test-plugin/versions 
[GIN] 2026/03/03 - 09:46:22 | 200 |     657.291µs |                 | GET     /api/v1/plugins/test-plugin/versions 
[GIN] 2026/03/03 - 09:46:22 | 200 |     354.625µs |                 | GET     /api/v1/plugins/test-plugin/versions 
[GIN] 2026/03/03 - 09:46:22 | 200 |     306.209µs |                 | GET     /api/v1/plugins/test-plugin/versions 
[GIN] 2026/03/03 - 09:46:22 | 200 |     414.333µs |                 | GET     /api/v1/plugins/test-plugin/versions 
[GIN] 2026/03/03 - 09:46:22 | 200 |     868.417µs |                 | GET     /api/v1/plugins/test-plugin/versions 
[GIN] 2026/03/03 - 09:46:22 | 200 |     686.416µs |                 | GET     /api/v1/plugins/test-plugin/versions 
[GIN] 2026/03/03 - 09:46:22 | 200 |     6.12375ms |                 | GET     /api/v1/plugins/test-plugin/versions 
[GIN] 2026/03/03 - 09:46:22 | 200 |     525.916µs |                 | GET     /api/v1/plugins/test-plugin/versions 
[GIN] 2026/03/03 - 09:46:22 | 200 |    3.424458ms |                 | GET     /api/v1/plugins/test-plugin/versions 
[GIN] 2026/03/03 - 09:46:22 | 200 |     2.14875ms |                 | GET     /api/v1/plugins/test-plugin/versions 
[GIN] 2026/03/03 - 09:46:22 | 200 |    1.159958ms |                 | GET     /api/v1/plugins/test-plugin/versions 
[GIN] 2026/03/03 - 09:46:22 | 200 |    2.289666ms |                 | GET     /api/v1/plugins/test-plugin/versions 
[GIN] 2026/03/03 - 09:46:22 | 200 |    6.979083ms |                 | GET     /api/v1/plugins/test-plugin/versions 
[GIN] 2026/03/03 - 09:46:22 | 200 |     936.542µs |                 | GET     /api/v1/plugins/test-plugin/versions 
[GIN] 2026/03/03 - 09:46:22 | 200 |     825.083µs |                 | GET     /api/v1/plugins/test-plugin/versions 
[GIN] 2026/03/03 - 09:46:22 | 200 |    5.503833ms |                 | GET     /api/v1/plugins/test-plugin/versions 
[GIN] 2026/03/03 - 09:46:22 | 200 |     587.542µs |                 | GET     /api/v1/plugins/test-plugin/versions 
[GIN] 2026/03/03 - 09:46:22 | 200 |     703.375µs |                 | GET     /api/v1/plugins/test-plugin/versions 
[GIN] 2026/03/03 - 09:46:22 | 200 |     996.542µs |                 | GET     /api/v1/plugins/test-plugin/versions 
[GIN] 2026/03/03 - 09:46:22 | 200 |    1.046083ms |                 | GET     /api/v1/plugins/test-plugin/versions 
[GIN] 2026/03/03 - 09:46:22 | 200 |      512.25µs |                 | GET     /api/v1/plugins/test-plugin/versions 
[GIN] 2026/03/03 - 09:46:22 | 200 |     562.792µs |                 | GET     /api/v1/plugins/test-plugin/versions 
[GIN] 2026/03/03 - 09:46:22 | 200 |       522.5µs |                 | GET     /api/v1/plugins/test-plugin/versions 
[GIN] 2026/03/03 - 09:46:22 | 200 |     385.333µs |                 | GET     /api/v1/plugins/test-plugin/versions 
[GIN] 2026/03/03 - 09:46:22 | 200 |     737.958µs |                 | GET     /api/v1/plugins/test-plugin/versions 
[GIN] 2026/03/03 - 09:46:22 | 200 |     638.375µs |                 | GET     /api/v1/plugins/test-plugin/versions 
[GIN] 2026/03/03 - 09:46:22 | 200 |     529.167µs |                 | GET     /api/v1/plugins/test-plugin/versions 
[GIN] 2026/03/03 - 09:46:22 | 200 |     721.167µs |                 | GET     /api/v1/plugins/test-plugin/versions 
[GIN] 2026/03/03 - 09:46:22 | 200 |     322.292µs |                 | GET     /api/v1/plugins/test-plugin/versions 
[GIN] 2026/03/03 - 09:46:22 | 200 |     562.167µs |                 | GET     /api/v1/plugins/test-plugin/versions 
[GIN] 2026/03/03 - 09:46:22 | 200 |      373.25µs |                 | GET     /api/v1/plugins/test-plugin/versions 
[GIN] 2026/03/03 - 09:46:22 | 200 |     489.125µs |                 | GET     /api/v1/plugins/test-plugin/versions 
[GIN] 2026/03/03 - 09:46:22 | 200 |     726.292µs |                 | GET     /api/v1/plugins/test-plugin/versions 
[GIN] 2026/03/03 - 09:46:22 | 200 |     418.583µs |                 | GET     /api/v1/plugins/test-plugin/versions 
[GIN] 2026/03/03 - 09:46:22 | 200 |      683.75µs |                 | GET     /api/v1/plugins/test-plugin/versions 
[GIN] 2026/03/03 - 09:46:22 | 200 |       659.5µs |                 | GET     /api/v1/plugins/test-plugin/versions 
[GIN] 2026/03/03 - 09:46:22 | 200 |     765.042µs |                 | GET     /api/v1/plugins/test-plugin/versions 
[GIN] 2026/03/03 - 09:46:22 | 200 |     2.64525ms |                 | GET     /api/v1/plugins/test-plugin/versions 
[GIN] 2026/03/03 - 09:46:22 | 200 |     648.583µs |                 | GET     /api/v1/plugins/test-plugin/versions 
[GIN] 2026/03/03 - 09:46:22 | 200 |     580.625µs |                 | GET     /api/v1/plugins/test-plugin/versions 
[GIN] 2026/03/03 - 09:46:22 | 200 |       2.288ms |                 | GET     /api/v1/plugins/test-plugin/versions 
[GIN] 2026/03/03 - 09:46:22 | 200 |    2.192708ms |                 | GET     /api/v1/plugins/test-plugin/versions 
[GIN] 2026/03/03 - 09:46:22 | 200 |     592.583µs |                 | GET     /api/v1/plugins/test-plugin/versions 
[GIN] 2026/03/03 - 09:46:22 | 200 |     303.833µs |                 | GET     /api/v1/plugins/test-plugin/versions 
[GIN] 2026/03/03 - 09:46:22 | 200 |     574.333µs |                 | GET     /api/v1/plugins/test-plugin/versions 
[GIN] 2026/03/03 - 09:46:22 | 200 |    1.457458ms |                 | GET     /api/v1/plugins/test-plugin/versions 
[GIN] 2026/03/03 - 09:46:22 | 200 |     4.58875ms |                 | GET     /api/v1/plugins/test-plugin/versions 
[GIN] 2026/03/03 - 09:46:22 | 200 |     431.167µs |                 | GET     /api/v1/plugins/test-plugin/versions 
[GIN] 2026/03/03 - 09:46:22 | 200 |    1.618833ms |                 | GET     /api/v1/plugins/test-plugin/versions 
[GIN] 2026/03/03 - 09:46:22 | 200 |        1.98ms |                 | GET     /api/v1/plugins/test-plugin/versions 
[GIN] 2026/03/03 - 09:46:22 | 200 |    9.488583ms |                 | GET     /api/v1/plugins/test-plugin/versions 
[GIN] 2026/03/03 - 09:46:22 | 200 |     949.292µs |                 | GET     /api/v1/plugins/test-plugin/versions 
[GIN] 2026/03/03 - 09:46:22 | 200 |         832µs |                 | GET     /api/v1/plugins/test-plugin/versions 
[GIN] 2026/03/03 - 09:46:22 | 200 |      597.25µs |                 | GET     /api/v1/plugins/test-plugin/versions 
[GIN] 2026/03/03 - 09:46:22 | 200 |     803.917µs |                 | GET     /api/v1/plugins/test-plugin/versions 
[GIN] 2026/03/03 - 09:46:22 | 200 |     661.666µs |                 | GET     /api/v1/plugins/test-plugin/versions 
[GIN] 2026/03/03 - 09:46:22 | 200 |     825.708µs |                 | GET     /api/v1/plugins/test-plugin/versions 
[GIN] 2026/03/03 - 09:46:22 | 200 |     755.916µs |                 | GET     /api/v1/plugins/test-plugin/versions 
[GIN] 2026/03/03 - 09:46:22 | 200 |     839.584µs |                 | GET     /api/v1/plugins/test-plugin/versions 
[GIN] 2026/03/03 - 09:46:22 | 200 |    1.925958ms |                 | GET     /api/v1/plugins/test-plugin/versions 
[GIN] 2026/03/03 - 09:46:22 | 200 |     876.916µs |                 | GET     /api/v1/plugins/test-plugin/versions 
[GIN] 2026/03/03 - 09:46:22 | 200 |    2.296125ms |                 | GET     /api/v1/plugins/test-plugin/versions 
[GIN] 2026/03/03 - 09:46:22 | 200 |       2.856ms |                 | GET     /api/v1/plugins/test-plugin/versions 
[GIN] 2026/03/03 - 09:46:22 | 200 |     921.333µs |                 | GET     /api/v1/plugins/test-plugin/versions 
[GIN] 2026/03/03 - 09:46:22 | 200 |    2.350333ms |                 | GET     /api/v1/plugins/test-plugin/versions 
[GIN] 2026/03/03 - 09:46:22 | 200 |    2.738916ms |                 | GET     /api/v1/plugins/test-plugin/versions 
[GIN] 2026/03/03 - 09:46:22 | 200 |     291.625µs |                 | GET     /api/v1/plugins/test-plugin/versions 
[GIN] 2026/03/03 - 09:46:22 | 200 |         618µs |                 | GET     /api/v1/plugins/test-plugin/versions 
[GIN] 2026/03/03 - 09:46:22 | 200 |     438.875µs |                 | GET     /api/v1/plugins/test-plugin/versions 
[GIN] 2026/03/03 - 09:46:22 | 200 |     836.833µs |                 | GET     /api/v1/plugins/test-plugin/versions 
[GIN] 2026/03/03 - 09:46:22 | 200 |     712.834µs |                 | GET     /api/v1/plugins/test-plugin/versions 
[GIN] 2026/03/03 - 09:46:22 | 200 |      468.75µs |                 | GET     /api/v1/plugins/test-plugin/versions 
[GIN] 2026/03/03 - 09:46:22 | 200 |     463.375µs |                 | GET     /api/v1/plugins/test-plugin/versions 
[GIN] 2026/03/03 - 09:46:22 | 200 |     2.98275ms |                 | GET     /api/v1/plugins/test-plugin/versions 
[GIN] 2026/03/03 - 09:46:22 | 200 |     640.333µs |                 | GET     /api/v1/plugins/test-plugin/versions 
[GIN] 2026/03/03 - 09:46:22 | 200 |     326.583µs |                 | GET     /api/v1/plugins/test-plugin/versions 
[GIN] 2026/03/03 - 09:46:22 | 200 |     577.958µs |                 | GET     /api/v1/plugins/test-plugin/versions 
[GIN] 2026/03/03 - 09:46:22 | 200 |     620.417µs |                 | GET     /api/v1/plugins/test-plugin/versions 
[GIN] 2026/03/03 - 09:46:22 | 200 |     695.625µs |                 | GET     /api/v1/plugins/test-plugin/versions 
[GIN] 2026/03/03 - 09:46:22 | 200 |     829.708µs |                 | GET     /api/v1/plugins/test-plugin/versions 
[GIN] 2026/03/03 - 09:46:22 | 200 |         471µs |                 | GET     /api/v1/plugins/test-plugin/versions 
[GIN] 2026/03/03 - 09:46:22 | 200 |    1.764166ms |                 | GET     /api/v1/plugins/test-plugin/versions 
[GIN] 2026/03/03 - 09:46:22 | 200 |     428.125µs |                 | GET     /api/v1/plugins/test-plugin/versions 
[GIN] 2026/03/03 - 09:46:22 | 200 |    3.352792ms |                 | GET     /api/v1/plugins/test-plugin/versions 
[GIN] 2026/03/03 - 09:46:22 | 200 |    1.229208ms |                 | GET     /api/v1/plugins/test-plugin/versions 
[GIN] 2026/03/03 - 09:46:22 | 200 |     973.167µs |                 | GET     /api/v1/plugins/test-plugin/versions 
[GIN] 2026/03/03 - 09:46:22 | 200 |    1.348708ms |                 | GET     /api/v1/plugins/test-plugin/versions 
[GIN] 2026/03/03 - 09:46:22 | 200 |     545.583µs |                 | GET     /api/v1/plugins/test-plugin/versions 
[GIN] 2026/03/03 - 09:46:22 | 200 |    3.704541ms |                 | GET     /api/v1/plugins/test-plugin/versions 
[GIN] 2026/03/03 - 09:46:22 | 200 |     215.416µs |                 | GET     /api/v1/plugins/test-plugin/versions 
[GIN] 2026/03/03 - 09:46:22 | 200 |     3.23125ms |                 | GET     /api/v1/plugins/test-plugin/versions 
[GIN] 2026/03/03 - 09:46:22 | 200 |     738.125µs |                 | GET     /api/v1/plugins/test-plugin/versions 
[GIN] 2026/03/03 - 09:46:22 | 200 |    1.365708ms |                 | GET     /api/v1/plugins/test-plugin/versions 
[GIN] 2026/03/03 - 09:46:22 | 200 |    1.193834ms |                 | GET     /api/v1/plugins/test-plugin/versions 
[GIN] 2026/03/03 - 09:46:22 | 200 |    4.178041ms |                 | GET     /api/v1/plugins/test-plugin/versions 
[GIN] 2026/03/03 - 09:46:22 | 200 |    1.526333ms |                 | GET     /api/v1/plugins/test-plugin/versions 
[GIN] 2026/03/03 - 09:46:22 | 200 |     613.542µs |                 | GET     /api/v1/plugins/test-plugin/versions 
[GIN] 2026/03/03 - 09:46:22 | 200 |     3.31575ms |                 | GET     /api/v1/plugins/test-plugin/versions 
[GIN] 2026/03/03 - 09:46:22 | 200 |         533µs |                 | GET     /api/v1/plugins/test-plugin/versions 
[GIN] 2026/03/03 - 09:46:22 | 200 |     823.417µs |                 | GET     /api/v1/plugins/test-plugin/versions 
[GIN] 2026/03/03 - 09:46:22 | 200 |       1.052ms |                 | GET     /api/v1/plugins/test-plugin/versions 
[GIN] 2026/03/03 - 09:46:22 | 200 |    1.746667ms |                 | GET     /api/v1/plugins/test-plugin/versions 
[GIN] 2026/03/03 - 09:46:22 | 200 |       908.5µs |                 | GET     /api/v1/plugins/test-plugin/versions 
[GIN] 2026/03/03 - 09:46:22 | 200 |    1.227417ms |                 | GET     /api/v1/plugins/test-plugin/versions 
[GIN] 2026/03/03 - 09:46:22 | 200 |     315.208µs |                 | GET     /api/v1/plugins/test-plugin/versions 
[GIN] 2026/03/03 - 09:46:22 | 200 |     455.208µs |                 | GET     /api/v1/plugins/test-plugin/versions 
[GIN] 2026/03/03 - 09:46:22 | 200 |    1.847583ms |                 | GET     /api/v1/plugins/test-plugin/versions 
[GIN] 2026/03/03 - 09:46:22 | 200 |     518.958µs |                 | GET     /api/v1/plugins/test-plugin/versions 
[GIN] 2026/03/03 - 09:46:22 | 200 |     611.291µs |                 | GET     /api/v1/plugins/test-plugin/versions 
[GIN] 2026/03/03 - 09:46:22 | 200 |     432.042µs |                 | GET     /api/v1/plugins/test-plugin/versions 
[GIN] 2026/03/03 - 09:46:22 | 200 |      539.25µs |                 | GET     /api/v1/plugins/test-plugin/versions 
[GIN] 2026/03/03 - 09:46:22 | 200 |     748.708µs |                 | GET     /api/v1/plugins/test-plugin/versions 
[GIN] 2026/03/03 - 09:46:22 | 200 |     375.375µs |                 | GET     /api/v1/plugins/test-plugin/versions 
[GIN] 2026/03/03 - 09:46:22 | 200 |     396.666µs |                 | GET     /api/v1/plugins/test-plugin/versions 
[GIN] 2026/03/03 - 09:46:22 | 200 |     573.458µs |                 | GET     /api/v1/plugins/test-plugin/versions 
[GIN] 2026/03/03 - 09:46:22 | 200 |     521.458µs |                 | GET     /api/v1/plugins/test-plugin/versions 
[GIN] 2026/03/03 - 09:46:22 | 200 |     462.208µs |                 | GET     /api/v1/plugins/test-plugin/versions 
[GIN] 2026/03/03 - 09:46:22 | 200 |     542.333µs |                 | GET     /api/v1/plugins/test-plugin/versions 
[GIN] 2026/03/03 - 09:46:22 | 200 |     609.458µs |                 | GET     /api/v1/plugins/test-plugin/versions 
[GIN] 2026/03/03 - 09:46:22 | 200 |     521.917µs |                 | GET     /api/v1/plugins/test-plugin/versions 
[GIN] 2026/03/03 - 09:46:22 | 200 |    3.773292ms |                 | GET     /api/v1/plugins/test-plugin/versions 
[GIN] 2026/03/03 - 09:46:22 | 200 |     3.13575ms |                 | GET     /api/v1/plugins/test-plugin/versions 
[GIN] 2026/03/03 - 09:46:22 | 200 |     562.417µs |                 | GET     /api/v1/plugins/test-plugin/versions 
[GIN] 2026/03/03 - 09:46:22 | 200 |     527.709µs |                 | GET     /api/v1/plugins/test-plugin/versions 
[GIN] 2026/03/03 - 09:46:22 | 200 |     629.833µs |                 | GET     /api/v1/plugins/test-plugin/versions 
[GIN] 2026/03/03 - 09:46:22 | 200 |         586µs |                 | GET     /api/v1/plugins/test-plugin/versions 
[GIN] 2026/03/03 - 09:46:22 | 200 |     2.13375ms |                 | GET     /api/v1/plugins/test-plugin/versions 
[GIN] 2026/03/03 - 09:46:22 | 200 |     2.22975ms |                 | GET     /api/v1/plugins/test-plugin/versions 
[GIN] 2026/03/03 - 09:46:22 | 200 |    1.100916ms |                 | GET     /api/v1/plugins/test-plugin/versions 
[GIN] 2026/03/03 - 09:46:22 | 200 |     763.334µs |                 | GET     /api/v1/plugins/test-plugin/versions 
[GIN] 2026/03/03 - 09:46:22 | 200 |    1.191375ms |                 | GET     /api/v1/plugins/test-plugin/versions 
[GIN] 2026/03/03 - 09:46:22 | 200 |    3.105291ms |                 | GET     /api/v1/plugins/test-plugin/versions 
[GIN] 2026/03/03 - 09:46:22 | 200 |     584.833µs |                 | GET     /api/v1/plugins/test-plugin/versions 
[GIN] 2026/03/03 - 09:46:22 | 200 |     428.167µs |                 | GET     /api/v1/plugins/test-plugin/versions 
[GIN] 2026/03/03 - 09:46:22 | 200 |      930.25µs |                 | GET     /api/v1/plugins/test-plugin/versions 
[GIN] 2026/03/03 - 09:46:22 | 200 |    5.846167ms |                 | GET     /api/v1/plugins/test-plugin/versions 
[GIN] 2026/03/03 - 09:46:22 | 200 |   15.840833ms |                 | GET     /api/v1/plugins/test-plugin/versions 
[GIN] 2026/03/03 - 09:46:22 | 200 |      916.25µs |                 | GET     /api/v1/plugins/test-plugin/versions 
[GIN] 2026/03/03 - 09:46:22 | 200 |     752.875µs |                 | GET     /api/v1/plugins/test-plugin/versions 
[GIN] 2026/03/03 - 09:46:22 | 200 |       425.5µs |                 | GET     /api/v1/plugins/test-plugin/versions 
[GIN] 2026/03/03 - 09:46:22 | 200 |     466.334µs |                 | GET     /api/v1/plugins/test-plugin/versions 
[GIN] 2026/03/03 - 09:46:22 | 200 |     386.625µs |                 | GET     /api/v1/plugins/test-plugin/versions 
[GIN] 2026/03/03 - 09:46:22 | 200 |     683.917µs |                 | GET     /api/v1/plugins/test-plugin/versions 
[GIN] 2026/03/03 - 09:46:22 | 200 |         585µs |                 | GET     /api/v1/plugins/test-plugin/versions 
[GIN] 2026/03/03 - 09:46:22 | 200 |      530.75µs |                 | GET     /api/v1/plugins/test-plugin/versions 
[GIN] 2026/03/03 - 09:46:22 | 200 |      261.25µs |                 | GET     /api/v1/plugins/test-plugin/versions 
[GIN] 2026/03/03 - 09:46:22 | 200 |      512.25µs |                 | GET     /api/v1/plugins/test-plugin/versions 
[GIN] 2026/03/03 - 09:46:22 | 200 |     785.042µs |                 | GET     /api/v1/plugins/test-plugin/versions 
[GIN] 2026/03/03 - 09:46:22 | 200 |     599.875µs |                 | GET     /api/v1/plugins/test-plugin/versions 
[GIN] 2026/03/03 - 09:46:22 | 200 |    1.299541ms |                 | GET     /api/v1/plugins/test-plugin/versions 
[GIN] 2026/03/03 - 09:46:22 | 200 |     633.667µs |                 | GET     /api/v1/plugins/test-plugin/versions 
[GIN] 2026/03/03 - 09:46:22 | 200 |     992.792µs |                 | GET     /api/v1/plugins/test-plugin/versions 
[GIN] 2026/03/03 - 09:46:22 | 200 |     479.458µs |                 | GET     /api/v1/plugins/test-plugin/versions 
[GIN] 2026/03/03 - 09:46:22 | 200 |     671.084µs |                 | GET     /api/v1/plugins/test-plugin/versions 
[GIN] 2026/03/03 - 09:46:22 | 200 |     907.333µs |                 | GET     /api/v1/plugins/test-plugin/versions 
[GIN] 2026/03/03 - 09:46:22 | 200 |    3.847458ms |                 | GET     /api/v1/plugins/test-plugin/versions 
[GIN] 2026/03/03 - 09:46:22 | 200 |     901.291µs |                 | GET     /api/v1/plugins/test-plugin/versions 
[GIN] 2026/03/03 - 09:46:22 | 200 |     650.125µs |                 | GET     /api/v1/plugins/test-plugin/versions 
[GIN] 2026/03/03 - 09:46:22 | 200 |    1.279833ms |                 | GET     /api/v1/plugins/test-plugin/versions 
[GIN] 2026/03/03 - 09:46:22 | 200 |         810µs |                 | GET     /api/v1/plugins/test-plugin/versions 
[GIN] 2026/03/03 - 09:46:22 | 200 |    5.208917ms |                 | GET     /api/v1/plugins/test-plugin/versions 
[GIN] 2026/03/03 - 09:46:22 | 200 |     864.125µs |                 | GET     /api/v1/plugins/test-plugin/versions 
[GIN] 2026/03/03 - 09:46:22 | 200 |     371.583µs |                 | GET     /api/v1/plugins/test-plugin/versions 
[GIN] 2026/03/03 - 09:46:22 | 200 |     451.833µs |                 | GET     /api/v1/plugins/test-plugin/versions 
[GIN] 2026/03/03 - 09:46:22 | 200 |     347.625µs |                 | GET     /api/v1/plugins/test-plugin/versions 
[GIN] 2026/03/03 - 09:46:22 | 200 |     928.958µs |                 | GET     /api/v1/plugins/test-plugin/versions 
[GIN] 2026/03/03 - 09:46:22 | 200 |     358.667µs |                 | GET     /api/v1/plugins/test-plugin/versions 
[GIN] 2026/03/03 - 09:46:22 | 200 |    1.317083ms |                 | GET     /api/v1/plugins/test-plugin/versions 
[GIN] 2026/03/03 - 09:46:22 | 200 |     662.917µs |                 | GET     /api/v1/plugins/test-plugin/versions 
[GIN] 2026/03/03 - 09:46:22 | 200 |     679.125µs |                 | GET     /api/v1/plugins/test-plugin/versions 
[GIN] 2026/03/03 - 09:46:22 | 200 |    2.232792ms |                 | GET     /api/v1/plugins/test-plugin/versions 
[GIN] 2026/03/03 - 09:46:22 | 200 |     489.667µs |                 | GET     /api/v1/plugins/test-plugin/versions 
[GIN] 2026/03/03 - 09:46:22 | 200 |    1.852958ms |                 | GET     /api/v1/plugins/test-plugin/versions 
[GIN] 2026/03/03 - 09:46:22 | 200 |    1.816791ms |                 | GET     /api/v1/plugins/test-plugin/versions 
[GIN] 2026/03/03 - 09:46:22 | 200 |    2.019416ms |                 | GET     /api/v1/plugins/test-plugin/versions 
[GIN] 2026/03/03 - 09:46:22 | 200 |     475.417µs |                 | GET     /api/v1/plugins/test-plugin/versions 
[GIN] 2026/03/03 - 09:46:22 | 200 |    1.229875ms |                 | GET     /api/v1/plugins/test-plugin/versions 
[GIN] 2026/03/03 - 09:46:22 | 200 |     254.042µs |                 | GET     /api/v1/plugins/test-plugin/versions 
[GIN] 2026/03/03 - 09:46:22 | 200 |     841.084µs |                 | GET     /api/v1/plugins/test-plugin/versions 
[GIN] 2026/03/03 - 09:46:22 | 200 |      650.25µs |                 | GET     /api/v1/plugins/test-plugin/versions 
[GIN] 2026/03/03 - 09:46:22 | 200 |     480.042µs |                 | GET     /api/v1/plugins/test-plugin/versions 
[GIN] 2026/03/03 - 09:46:22 | 200 |    1.947625ms |                 | GET     /api/v1/plugins/test-plugin/versions 
[GIN] 2026/03/03 - 09:46:22 | 200 |    1.495083ms |                 | GET     /api/v1/plugins/test-plugin/versions 
[GIN] 2026/03/03 - 09:46:22 | 200 |     479.458µs |                 | GET     /api/v1/plugins/test-plugin/versions 
[GIN] 2026/03/03 - 09:46:22 | 200 |     403.916µs |                 | GET     /api/v1/plugins/test-plugin/versions 
[GIN] 2026/03/03 - 09:46:22 | 200 |     389.459µs |                 | GET     /api/v1/plugins/test-plugin/versions 
[GIN] 2026/03/03 - 09:46:22 | 200 |    1.712166ms |                 | GET     /api/v1/plugins/test-plugin/versions 
[GIN] 2026/03/03 - 09:46:22 | 200 |    2.518584ms |                 | GET     /api/v1/plugins/test-plugin/versions 
[GIN] 2026/03/03 - 09:46:22 | 200 |      2.3955ms |                 | GET     /api/v1/plugins/test-plugin/versions 
[GIN] 2026/03/03 - 09:46:22 | 200 |     215.334µs |                 | GET     /api/v1/plugins/test-plugin/versions 
[GIN] 2026/03/03 - 09:46:22 | 200 |    1.680625ms |                 | GET     /api/v1/plugins/test-plugin/versions 
[GIN] 2026/03/03 - 09:46:22 | 200 |     595.208µs |                 | GET     /api/v1/plugins/test-plugin/versions 
[GIN] 2026/03/03 - 09:46:22 | 200 |     412.583µs |                 | GET     /api/v1/plugins/test-plugin/versions 
[GIN] 2026/03/03 - 09:46:22 | 200 |     286.834µs |                 | GET     /api/v1/plugins/test-plugin/versions 
[GIN] 2026/03/03 - 09:46:22 | 200 |       453.5µs |                 | GET     /api/v1/plugins/test-plugin/versions 
[GIN] 2026/03/03 - 09:46:22 | 200 |     824.208µs |                 | GET     /api/v1/plugins/test-plugin/versions 
[GIN] 2026/03/03 - 09:46:22 | 200 |     1.12075ms |                 | GET     /api/v1/plugins/test-plugin/versions 
[GIN] 2026/03/03 - 09:46:22 | 200 |     472.458µs |                 | GET     /api/v1/plugins/test-plugin/versions 
[GIN] 2026/03/03 - 09:46:22 | 200 |    1.346042ms |                 | GET     /api/v1/plugins/test-plugin/versions 
[GIN] 2026/03/03 - 09:46:22 | 200 |     524.042µs |                 | GET     /api/v1/plugins/test-plugin/versions 
[GIN] 2026/03/03 - 09:46:22 | 200 |     335.959µs |                 | GET     /api/v1/plugins/test-plugin/versions 
[GIN] 2026/03/03 - 09:46:22 | 200 |    1.566375ms |                 | GET     /api/v1/plugins/test-plugin/versions 
[GIN] 2026/03/03 - 09:46:22 | 200 |     592.666µs |                 | GET     /api/v1/plugins/test-plugin/versions 
[GIN] 2026/03/03 - 09:46:22 | 200 |     565.542µs |                 | GET     /api/v1/plugins/test-plugin/versions 
[GIN] 2026/03/03 - 09:46:22 | 200 |     759.333µs |                 | GET     /api/v1/plugins/test-plugin/versions 
[GIN] 2026/03/03 - 09:46:22 | 200 |     678.875µs |                 | GET     /api/v1/plugins/test-plugin/versions 
[GIN] 2026/03/03 - 09:46:22 | 200 |     849.792µs |                 | GET     /api/v1/plugins/test-plugin/versions 
[GIN] 2026/03/03 - 09:46:22 | 200 |     552.792µs |                 | GET     /api/v1/plugins/test-plugin/versions 
[GIN] 2026/03/03 - 09:46:22 | 200 |         763µs |                 | GET     /api/v1/plugins/test-plugin/versions 
[GIN] 2026/03/03 - 09:46:22 | 200 |     919.917µs |                 | GET     /api/v1/plugins/test-plugin/versions 
[GIN] 2026/03/03 - 09:46:22 | 200 |     491.375µs |                 | GET     /api/v1/plugins/test-plugin/versions 
[GIN] 2026/03/03 - 09:46:22 | 200 |     619.333µs |                 | GET     /api/v1/plugins/test-plugin/versions 
[GIN] 2026/03/03 - 09:46:22 | 200 |     823.417µs |                 | GET     /api/v1/plugins/test-plugin/versions 
[GIN] 2026/03/03 - 09:46:22 | 200 |     385.792µs |                 | GET     /api/v1/plugins/test-plugin/versions 
[GIN] 2026/03/03 - 09:46:22 | 200 |     447.792µs |                 | GET     /api/v1/plugins/test-plugin/versions 
[GIN] 2026/03/03 - 09:46:22 | 200 |     597.959µs |                 | GET     /api/v1/plugins/test-plugin/versions 
[GIN] 2026/03/03 - 09:46:22 | 200 |         312µs |                 | GET     /api/v1/plugins/test-plugin/versions 
[GIN] 2026/03/03 - 09:46:22 | 200 |     856.375µs |                 | GET     /api/v1/plugins/test-plugin/versions 
[GIN] 2026/03/03 - 09:46:22 | 200 |    1.199084ms |                 | GET     /api/v1/plugins/test-plugin/versions 
[GIN] 2026/03/03 - 09:46:22 | 200 |     531.083µs |                 | GET     /api/v1/plugins/test-plugin/versions 
[GIN] 2026/03/03 - 09:46:22 | 200 |     407.959µs |                 | GET     /api/v1/plugins/test-plugin/versions 
[GIN] 2026/03/03 - 09:46:22 | 200 |    1.039042ms |                 | GET     /api/v1/plugins/test-plugin/versions 
[GIN] 2026/03/03 - 09:46:22 | 200 |      300.25µs |                 | GET     /api/v1/plugins/test-plugin/versions 
[GIN] 2026/03/03 - 09:46:22 | 200 |     475.542µs |                 | GET     /api/v1/plugins/test-plugin/versions 
[GIN] 2026/03/03 - 09:46:22 | 200 |     494.125µs |                 | GET     /api/v1/plugins/test-plugin/versions 
[GIN] 2026/03/03 - 09:46:22 | 200 |     425.333µs |                 | GET     /api/v1/plugins/test-plugin/versions 
[GIN] 2026/03/03 - 09:46:22 | 200 |    1.520833ms |                 | GET     /api/v1/plugins/test-plugin/versions 
[GIN] 2026/03/03 - 09:46:22 | 200 |    3.339375ms |                 | GET     /api/v1/plugins/test-plugin/versions 
[GIN] 2026/03/03 - 09:46:22 | 200 |    2.589083ms |                 | GET     /api/v1/plugins/test-plugin/versions 
[GIN] 2026/03/03 - 09:46:22 | 200 |     738.292µs |                 | GET     /api/v1/plugins/test-plugin/versions 
[GIN] 2026/03/03 - 09:46:22 | 200 |     492.042µs |                 | GET     /api/v1/plugins/test-plugin/versions 
[GIN] 2026/03/03 - 09:46:22 | 200 |     444.625µs |                 | GET     /api/v1/plugins/test-plugin/versions 
[GIN] 2026/03/03 - 09:46:22 | 200 |     666.625µs |                 | GET     /api/v1/plugins/test-plugin/versions 
[GIN] 2026/03/03 - 09:46:22 | 200 |     528.083µs |                 | GET     /api/v1/plugins/test-plugin/versions 
[GIN] 2026/03/03 - 09:46:22 | 200 |    2.402291ms |                 | GET     /api/v1/plugins/test-plugin/versions 
[GIN] 2026/03/03 - 09:46:22 | 200 |    1.996583ms |                 | GET     /api/v1/plugins/test-plugin/versions 
[GIN] 2026/03/03 - 09:46:22 | 200 |      995.75µs |                 | GET     /api/v1/plugins/test-plugin/versions 
[GIN] 2026/03/03 - 09:46:22 | 200 |       849.5µs |                 | GET     /api/v1/plugins/test-plugin/versions 
[GIN] 2026/03/03 - 09:46:22 | 200 |    1.290375ms |                 | GET     /api/v1/plugins/test-plugin/versions 
[GIN] 2026/03/03 - 09:46:22 | 200 |      581.75µs |                 | GET     /api/v1/plugins/test-plugin/versions 
[GIN] 2026/03/03 - 09:46:22 | 200 |     560.292µs |                 | GET     /api/v1/plugins/test-plugin/versions 
[GIN] 2026/03/03 - 09:46:22 | 200 |     353.625µs |                 | GET     /api/v1/plugins/test-plugin/versions 
[GIN] 2026/03/03 - 09:46:22 | 200 |     702.458µs |                 | GET     /api/v1/plugins/test-plugin/versions 
[GIN] 2026/03/03 - 09:46:22 | 200 |     688.083µs |                 | GET     /api/v1/plugins/test-plugin/versions 
[GIN] 2026/03/03 - 09:46:22 | 200 |     906.875µs |                 | GET     /api/v1/plugins/test-plugin/versions 
[GIN] 2026/03/03 - 09:46:22 | 200 |     441.125µs |                 | GET     /api/v1/plugins/test-plugin/versions 
[GIN] 2026/03/03 - 09:46:22 | 200 |      1.1195ms |                 | GET     /api/v1/plugins/test-plugin/versions 
[GIN] 2026/03/03 - 09:46:22 | 200 |     358.292µs |                 | GET     /api/v1/plugins/test-plugin/versions 
[GIN] 2026/03/03 - 09:46:22 | 200 |     534.292µs |                 | GET     /api/v1/plugins/test-plugin/versions 
[GIN] 2026/03/03 - 09:46:22 | 200 |      449.25µs |                 | GET     /api/v1/plugins/test-plugin/versions 
[GIN] 2026/03/03 - 09:46:22 | 200 |     431.333µs |                 | GET     /api/v1/plugins/test-plugin/versions 
[GIN] 2026/03/03 - 09:46:22 | 200 |       670.5µs |                 | GET     /api/v1/plugins/test-plugin/versions 
[GIN] 2026/03/03 - 09:46:22 | 200 |     228.583µs |                 | GET     /api/v1/plugins/test-plugin/versions 
[GIN] 2026/03/03 - 09:46:22 | 200 |    1.207333ms |                 | GET     /api/v1/plugins/test-plugin/versions 
[GIN] 2026/03/03 - 09:46:22 | 200 |     525.084µs |                 | GET     /api/v1/plugins/test-plugin/versions 
[GIN] 2026/03/03 - 09:46:22 | 200 |     334.584µs |                 | GET     /api/v1/plugins/test-plugin/versions 
[GIN] 2026/03/03 - 09:46:22 | 200 |     820.416µs |                 | GET     /api/v1/plugins/test-plugin/versions 
[GIN] 2026/03/03 - 09:46:22 | 200 |     530.875µs |                 | GET     /api/v1/plugins/test-plugin/versions 
[GIN] 2026/03/03 - 09:46:22 | 200 |     309.875µs |                 | GET     /api/v1/plugins/test-plugin/versions 
[GIN] 2026/03/03 - 09:46:22 | 200 |     710.584µs |                 | GET     /api/v1/plugins/test-plugin/versions 
[GIN] 2026/03/03 - 09:46:22 | 200 |     347.334µs |                 | GET     /api/v1/plugins/test-plugin/versions 
[GIN] 2026/03/03 - 09:46:22 | 200 |     289.916µs |                 | GET     /api/v1/plugins/test-plugin/versions 
[GIN] 2026/03/03 - 09:46:22 | 200 |     615.959µs |                 | GET     /api/v1/plugins/test-plugin/versions 
[GIN] 2026/03/03 - 09:46:22 | 200 |     370.709µs |                 | GET     /api/v1/plugins/test-plugin/versions 
[GIN] 2026/03/03 - 09:46:22 | 200 |     324.833µs |                 | GET     /api/v1/plugins/test-plugin/versions 
[GIN] 2026/03/03 - 09:46:22 | 200 |     610.833µs |                 | GET     /api/v1/plugins/test-plugin/versions 
[GIN] 2026/03/03 - 09:46:22 | 200 |     537.083µs |                 | GET     /api/v1/plugins/test-plugin/versions 
[GIN] 2026/03/03 - 09:46:22 | 200 |     778.834µs |                 | GET     /api/v1/plugins/test-plugin/versions 
[GIN] 2026/03/03 - 09:46:22 | 200 |         993µs |                 | GET     /api/v1/plugins/test-plugin/versions 
[GIN] 2026/03/03 - 09:46:22 | 200 |     270.458µs |                 | GET     /api/v1/plugins/test-plugin/versions 
[GIN] 2026/03/03 - 09:46:22 | 200 |     479.625µs |                 | GET     /api/v1/plugins/test-plugin/versions 
[GIN] 2026/03/03 - 09:46:22 | 200 |    1.122041ms |                 | GET     /api/v1/plugins/test-plugin/versions 
[GIN] 2026/03/03 - 09:46:22 | 200 |     750.167µs |                 | GET     /api/v1/plugins/test-plugin/versions 
[GIN] 2026/03/03 - 09:46:22 | 200 |    1.113625ms |                 | GET     /api/v1/plugins/test-plugin/versions 
[GIN] 2026/03/03 - 09:46:22 | 200 |     272.709µs |                 | GET     /api/v1/plugins/test-plugin/versions 
[GIN] 2026/03/03 - 09:46:22 | 200 |     967.459µs |                 | GET     /api/v1/plugins/test-plugin/versions 
[GIN] 2026/03/03 - 09:46:22 | 200 |    1.012417ms |                 | GET     /api/v1/plugins/test-plugin/versions 
[GIN] 2026/03/03 - 09:46:22 | 200 |     793.875µs |                 | GET     /api/v1/plugins/test-plugin/versions 
[GIN] 2026/03/03 - 09:46:22 | 200 |     682.833µs |                 | GET     /api/v1/plugins/test-plugin/versions 
[GIN] 2026/03/03 - 09:46:22 | 200 |         971µs |                 | GET     /api/v1/plugins/test-plugin/versions 
[GIN] 2026/03/03 - 09:46:22 | 200 |     903.916µs |                 | GET     /api/v1/plugins/test-plugin/versions 
[GIN] 2026/03/03 - 09:46:22 | 200 |     655.417µs |                 | GET     /api/v1/plugins/test-plugin/versions 
[GIN] 2026/03/03 - 09:46:22 | 200 |     459.958µs |                 | GET     /api/v1/plugins/test-plugin/versions 
[GIN] 2026/03/03 - 09:46:22 | 200 |     569.625µs |                 | GET     /api/v1/plugins/test-plugin/versions 
[GIN] 2026/03/03 - 09:46:22 | 200 |     413.958µs |                 | GET     /api/v1/plugins/test-plugin/versions 
[GIN] 2026/03/03 - 09:46:22 | 200 |    1.000167ms |                 | GET     /api/v1/plugins/test-plugin/versions 
[GIN] 2026/03/03 - 09:46:22 | 200 |    1.016416ms |                 | GET     /api/v1/plugins/test-plugin/versions 
[GIN] 2026/03/03 - 09:46:22 | 200 |     723.125µs |                 | GET     /api/v1/plugins/test-plugin/versions 
[GIN] 2026/03/03 - 09:46:22 | 200 |     516.792µs |                 | GET     /api/v1/plugins/test-plugin/versions 
[GIN] 2026/03/03 - 09:46:22 | 200 |     702.167µs |                 | GET     /api/v1/plugins/test-plugin/versions 
[GIN] 2026/03/03 - 09:46:22 | 200 |    1.314875ms |                 | GET     /api/v1/plugins/test-plugin/versions 
[GIN] 2026/03/03 - 09:46:22 | 200 |      659.75µs |                 | GET     /api/v1/plugins/test-plugin/versions 
[GIN] 2026/03/03 - 09:46:22 | 200 |    2.325542ms |                 | GET     /api/v1/plugins/test-plugin/versions 
[GIN] 2026/03/03 - 09:46:22 | 200 |    1.082041ms |                 | GET     /api/v1/plugins/test-plugin/versions 
[GIN] 2026/03/03 - 09:46:22 | 200 |      810.75µs |                 | GET     /api/v1/plugins/test-plugin/versions 
[GIN] 2026/03/03 - 09:46:22 | 200 |     876.542µs |                 | GET     /api/v1/plugins/test-plugin/versions 
[GIN] 2026/03/03 - 09:46:22 | 200 |   25.778417ms |                 | GET     /api/v1/plugins/test-plugin/versions 
[GIN] 2026/03/03 - 09:46:22 | 200 |   23.194667ms |                 | GET     /api/v1/plugins/test-plugin/versions 
[GIN] 2026/03/03 - 09:46:22 | 200 |    9.401834ms |                 | GET     /api/v1/plugins/test-plugin/versions 
[GIN] 2026/03/03 - 09:46:22 | 200 |    4.785875ms |                 | GET     /api/v1/plugins/test-plugin/versions 
[GIN] 2026/03/03 - 09:46:22 | 200 |   24.019417ms |                 | GET     /api/v1/plugins/test-plugin/versions 
[GIN] 2026/03/03 - 09:46:22 | 200 |   23.823459ms |                 | GET     /api/v1/plugins/test-plugin/versions 
[GIN] 2026/03/03 - 09:46:22 | 200 |     836.708µs |                 | GET     /api/v1/plugins/test-plugin/versions 
[GIN] 2026/03/03 - 09:46:22 | 200 |   23.529375ms |                 | GET     /api/v1/plugins/test-plugin/versions 
[GIN] 2026/03/03 - 09:46:22 | 200 |     897.375µs |                 | GET     /api/v1/plugins/test-plugin/versions 
[GIN] 2026/03/03 - 09:46:22 | 200 |     996.459µs |                 | GET     /api/v1/plugins/test-plugin/versions 
[GIN] 2026/03/03 - 09:46:22 | 200 |     532.667µs |                 | GET     /api/v1/plugins/test-plugin/versions 
[GIN] 2026/03/03 - 09:46:22 | 200 |    1.212375ms |                 | GET     /api/v1/plugins/test-plugin/versions 
[GIN] 2026/03/03 - 09:46:22 | 200 |      1.1385ms |                 | GET     /api/v1/plugins/test-plugin/versions 
[GIN] 2026/03/03 - 09:46:22 | 200 |   26.441416ms |                 | GET     /api/v1/plugins/test-plugin/versions 
[GIN] 2026/03/03 - 09:46:22 | 200 |    1.333667ms |                 | GET     /api/v1/plugins/test-plugin/versions 
[GIN] 2026/03/03 - 09:46:22 | 200 |   26.700417ms |                 | GET     /api/v1/plugins/test-plugin/versions 
[GIN] 2026/03/03 - 09:46:22 | 200 |    1.491375ms |                 | GET     /api/v1/plugins/test-plugin/versions 
[GIN] 2026/03/03 - 09:46:22 | 200 |    1.310875ms |                 | GET     /api/v1/plugins/test-plugin/versions 
[GIN] 2026/03/03 - 09:46:22 | 200 |     527.541µs |                 | GET     /api/v1/plugins/test-plugin/versions 
[GIN] 2026/03/03 - 09:46:22 | 200 |       544.5µs |                 | GET     /api/v1/plugins/test-plugin/versions 
[GIN] 2026/03/03 - 09:46:22 | 200 |     930.417µs |                 | GET     /api/v1/plugins/test-plugin/versions 
[GIN] 2026/03/03 - 09:46:22 | 200 |     362.791µs |                 | GET     /api/v1/plugins/test-plugin/versions 
[GIN] 2026/03/03 - 09:46:22 | 200 |     355.167µs |                 | GET     /api/v1/plugins/test-plugin/versions 
[GIN] 2026/03/03 - 09:46:22 | 200 |   27.051792ms |                 | GET     /api/v1/plugins/test-plugin/versions 
[GIN] 2026/03/03 - 09:46:22 | 200 |     592.625µs |                 | GET     /api/v1/plugins/test-plugin/versions 
[GIN] 2026/03/03 - 09:46:22 | 200 |    1.909625ms |                 | GET     /api/v1/plugins/test-plugin/versions 
[GIN] 2026/03/03 - 09:46:22 | 200 |    2.558833ms |                 | GET     /api/v1/plugins/test-plugin/versions 
[GIN] 2026/03/03 - 09:46:22 | 200 |    1.001792ms |                 | GET     /api/v1/plugins/test-plugin/versions 
[GIN] 2026/03/03 - 09:46:22 | 200 |     928.791µs |                 | GET     /api/v1/plugins/test-plugin/versions 
[GIN] 2026/03/03 - 09:46:22 | 200 |     790.583µs |                 | GET     /api/v1/plugins/test-plugin/versions 
[GIN] 2026/03/03 - 09:46:22 | 200 |   25.125375ms |                 | GET     /api/v1/plugins/test-plugin/versions 
[GIN] 2026/03/03 - 09:46:22 | 200 |    1.361917ms |                 | GET     /api/v1/plugins/test-plugin/versions 
[GIN] 2026/03/03 - 09:46:22 | 200 |         821µs |                 | GET     /api/v1/plugins/test-plugin/versions 
[GIN] 2026/03/03 - 09:46:22 | 200 |    1.133125ms |                 | GET     /api/v1/plugins/test-plugin/versions 
[GIN] 2026/03/03 - 09:46:22 | 200 |    2.597042ms |                 | GET     /api/v1/plugins/test-plugin/versions 
[GIN] 2026/03/03 - 09:46:22 | 200 |    2.608416ms |                 | GET     /api/v1/plugins/test-plugin/versions 
[GIN] 2026/03/03 - 09:46:22 | 200 |     677.375µs |                 | GET     /api/v1/plugins/test-plugin/versions 
[GIN] 2026/03/03 - 09:46:22 | 200 |       885.5µs |                 | GET     /api/v1/plugins/test-plugin/versions 
[GIN] 2026/03/03 - 09:46:22 | 200 |     545.709µs |                 | GET     /api/v1/plugins/test-plugin/versions 
[GIN] 2026/03/03 - 09:46:22 | 200 |     889.125µs |                 | GET     /api/v1/plugins/test-plugin/versions 
[GIN] 2026/03/03 - 09:46:22 | 200 |     571.291µs |                 | GET     /api/v1/plugins/test-plugin/versions 
[GIN] 2026/03/03 - 09:46:22 | 200 |     898.792µs |                 | GET     /api/v1/plugins/test-plugin/versions 
[GIN] 2026/03/03 - 09:46:22 | 200 |     518.792µs |                 | GET     /api/v1/plugins/test-plugin/versions 
[GIN] 2026/03/03 - 09:46:22 | 200 |    2.086541ms |                 | GET     /api/v1/plugins/test-plugin/versions 
[GIN] 2026/03/03 - 09:46:22 | 200 |     802.125µs |                 | GET     /api/v1/plugins/test-plugin/versions 
[GIN] 2026/03/03 - 09:46:22 | 200 |    1.521083ms |                 | GET     /api/v1/plugins/test-plugin/versions 
[GIN] 2026/03/03 - 09:46:22 | 200 |    2.008583ms |                 | GET     /api/v1/plugins/test-plugin/versions 
[GIN] 2026/03/03 - 09:46:22 | 200 |    3.817208ms |                 | GET     /api/v1/plugins/test-plugin/versions 
[GIN] 2026/03/03 - 09:46:22 | 200 |    1.041834ms |                 | GET     /api/v1/plugins/test-plugin/versions 
[GIN] 2026/03/03 - 09:46:22 | 200 |    2.035708ms |                 | GET     /api/v1/plugins/test-plugin/versions 
[GIN] 2026/03/03 - 09:46:22 | 200 |    1.077959ms |                 | GET     /api/v1/plugins/test-plugin/versions 
[GIN] 2026/03/03 - 09:46:22 | 200 |   29.632334ms |                 | GET     /api/v1/plugins/test-plugin/versions 
[GIN] 2026/03/03 - 09:46:22 | 200 |         337µs |                 | GET     /api/v1/plugins/test-plugin/versions 
[GIN] 2026/03/03 - 09:46:22 | 200 |     588.708µs |                 | GET     /api/v1/plugins/test-plugin/versions 
[GIN] 2026/03/03 - 09:46:22 | 200 |     1.06225ms |                 | GET     /api/v1/plugins/test-plugin/versions 
[GIN] 2026/03/03 - 09:46:22 | 200 |       4.352ms |                 | GET     /api/v1/plugins/test-plugin/versions 
[GIN] 2026/03/03 - 09:46:22 | 200 |     251.959µs |                 | GET     /api/v1/plugins/test-plugin/versions 
[GIN] 2026/03/03 - 09:46:22 | 200 |     2.07325ms |                 | GET     /api/v1/plugins/test-plugin/versions 
[GIN] 2026/03/03 - 09:46:22 | 200 |    1.757375ms |                 | GET     /api/v1/plugins/test-plugin/versions 
[GIN] 2026/03/03 - 09:46:22 | 200 |    2.146417ms |                 | GET     /api/v1/plugins/test-plugin/versions 
[GIN] 2026/03/03 - 09:46:22 | 200 |    1.723667ms |                 | GET     /api/v1/plugins/test-plugin/versions 
[GIN] 2026/03/03 - 09:46:22 | 200 |     2.64925ms |                 | GET     /api/v1/plugins/test-plugin/versions 
[GIN] 2026/03/03 - 09:46:22 | 200 |      1.1295ms |                 | GET     /api/v1/plugins/test-plugin/versions 
[GIN] 2026/03/03 - 09:46:22 | 200 |    3.475084ms |                 | GET     /api/v1/plugins/test-plugin/versions 
[GIN] 2026/03/03 - 09:46:22 | 200 |    5.341625ms |                 | GET     /api/v1/plugins/test-plugin/versions 
[GIN] 2026/03/03 - 09:46:22 | 200 |    1.165292ms |                 | GET     /api/v1/plugins/test-plugin/versions 
[GIN] 2026/03/03 - 09:46:22 | 200 |    5.603125ms |                 | GET     /api/v1/plugins/test-plugin/versions 
[GIN] 2026/03/03 - 09:46:22 | 200 |    1.486333ms |                 | GET     /api/v1/plugins/test-plugin/versions 
[GIN] 2026/03/03 - 09:46:22 | 200 |    1.337625ms |                 | GET     /api/v1/plugins/test-plugin/versions 
[GIN] 2026/03/03 - 09:46:22 | 200 |    1.903917ms |                 | GET     /api/v1/plugins/test-plugin/versions 
[GIN] 2026/03/03 - 09:46:22 | 200 |     1.00325ms |                 | GET     /api/v1/plugins/test-plugin/versions 
[GIN] 2026/03/03 - 09:46:22 | 200 |         237µs |                 | GET     /api/v1/plugins/test-plugin/versions 
[GIN] 2026/03/03 - 09:46:22 | 200 |    1.824625ms |                 | GET     /api/v1/plugins/test-plugin/versions 
[GIN] 2026/03/03 - 09:46:22 | 200 |     988.209µs |                 | GET     /api/v1/plugins/test-plugin/versions 
[GIN] 2026/03/03 - 09:46:22 | 200 |    6.078917ms |                 | GET     /api/v1/plugins/test-plugin/versions 
[GIN] 2026/03/03 - 09:46:22 | 200 |     288.125µs |                 | GET     /api/v1/plugins/test-plugin/versions 
[GIN] 2026/03/03 - 09:46:22 | 200 |      598.75µs |                 | GET     /api/v1/plugins/test-plugin/versions 
[GIN] 2026/03/03 - 09:46:22 | 200 |    6.139208ms |                 | GET     /api/v1/plugins/test-plugin/versions 
[GIN] 2026/03/03 - 09:46:22 | 200 |   32.191625ms |                 | GET     /api/v1/plugins/test-plugin/versions 
[GIN] 2026/03/03 - 09:46:22 | 200 |     693.625µs |                 | GET     /api/v1/plugins/test-plugin/versions 
[GIN] 2026/03/03 - 09:46:22 | 200 |     365.834µs |                 | GET     /api/v1/plugins/test-plugin/versions 
[GIN] 2026/03/03 - 09:46:22 | 200 |     292.166µs |                 | GET     /api/v1/plugins/test-plugin/versions 
[GIN] 2026/03/03 - 09:46:22 | 200 |     542.833µs |                 | GET     /api/v1/plugins/test-plugin/versions 
[GIN] 2026/03/03 - 09:46:22 | 200 |     482.292µs |                 | GET     /api/v1/plugins/test-plugin/versions 
[GIN] 2026/03/03 - 09:46:22 | 200 |     412.041µs |                 | GET     /api/v1/plugins/test-plugin/versions 
[GIN] 2026/03/03 - 09:46:22 | 200 |     398.584µs |                 | GET     /api/v1/plugins/test-plugin/versions 
[GIN] 2026/03/03 - 09:46:22 | 200 |     381.208µs |                 | GET     /api/v1/plugins/test-plugin/versions 
[GIN] 2026/03/03 - 09:46:22 | 200 |     621.958µs |                 | GET     /api/v1/plugins/test-plugin/versions 
[GIN] 2026/03/03 - 09:46:22 | 200 |    1.885875ms |                 | GET     /api/v1/plugins/test-plugin/versions 
[GIN] 2026/03/03 - 09:46:22 | 200 |     826.417µs |                 | GET     /api/v1/plugins/test-plugin/versions 
[GIN] 2026/03/03 - 09:46:22 | 200 |    7.073792ms |                 | GET     /api/v1/plugins/test-plugin/versions 
[GIN] 2026/03/03 - 09:46:22 | 200 |   32.888333ms |                 | GET     /api/v1/plugins/test-plugin/versions 
[GIN] 2026/03/03 - 09:46:22 | 200 |    1.803833ms |                 | GET     /api/v1/plugins/test-plugin/versions 
[GIN] 2026/03/03 - 09:46:22 | 200 |    1.870417ms |                 | GET     /api/v1/plugins/test-plugin/versions 
[GIN] 2026/03/03 - 09:46:22 | 200 |     1.94575ms |                 | GET     /api/v1/plugins/test-plugin/versions 
[GIN] 2026/03/03 - 09:46:22 | 200 |    2.093708ms |                 | GET     /api/v1/plugins/test-plugin/versions 
[GIN] 2026/03/03 - 09:46:22 | 200 |     425.083µs |                 | GET     /api/v1/plugins/test-plugin/versions 
[GIN] 2026/03/03 - 09:46:22 | 200 |    32.84625ms |                 | GET     /api/v1/plugins/test-plugin/versions 
[GIN] 2026/03/03 - 09:46:22 | 200 |     509.416µs |                 | GET     /api/v1/plugins/test-plugin/versions 
[GIN] 2026/03/03 - 09:46:22 | 200 |      457.25µs |                 | GET     /api/v1/plugins/test-plugin/versions 
[GIN] 2026/03/03 - 09:46:22 | 200 |      306.75µs |                 | GET     /api/v1/plugins/test-plugin/versions 
[GIN] 2026/03/03 - 09:46:22 | 200 |     451.458µs |                 | GET     /api/v1/plugins/test-plugin/versions 
[GIN] 2026/03/03 - 09:46:22 | 200 |     611.791µs |                 | GET     /api/v1/plugins/test-plugin/versions 
[GIN] 2026/03/03 - 09:46:22 | 200 |     691.417µs |                 | GET     /api/v1/plugins/test-plugin/versions 
[GIN] 2026/03/03 - 09:46:22 | 200 |     324.292µs |                 | GET     /api/v1/plugins/test-plugin/versions 
[GIN] 2026/03/03 - 09:46:22 | 200 |      583.75µs |                 | GET     /api/v1/plugins/test-plugin/versions 
[GIN] 2026/03/03 - 09:46:22 | 200 |    1.154333ms |                 | GET     /api/v1/plugins/test-plugin/versions 
[GIN] 2026/03/03 - 09:46:22 | 200 |      385.25µs |                 | GET     /api/v1/plugins/test-plugin/versions 
[GIN] 2026/03/03 - 09:46:22 | 200 |   34.116125ms |                 | GET     /api/v1/plugins/test-plugin/versions 
[GIN] 2026/03/03 - 09:46:22 | 200 |     268.708µs |                 | GET     /api/v1/plugins/test-plugin/versions 
[GIN] 2026/03/03 - 09:46:22 | 200 |     303.791µs |                 | GET     /api/v1/plugins/test-plugin/versions 
[GIN] 2026/03/03 - 09:46:22 | 200 |     430.459µs |                 | GET     /api/v1/plugins/test-plugin/versions 
[GIN] 2026/03/03 - 09:46:22 | 200 |     766.875µs |                 | GET     /api/v1/plugins/test-plugin/versions 
[GIN] 2026/03/03 - 09:46:22 | 200 |         634µs |                 | GET     /api/v1/plugins/test-plugin/versions 
[GIN] 2026/03/03 - 09:46:22 | 200 |     692.292µs |                 | GET     /api/v1/plugins/test-plugin/versions 
[GIN] 2026/03/03 - 09:46:22 | 200 |     310.584µs |                 | GET     /api/v1/plugins/test-plugin/versions 
[GIN] 2026/03/03 - 09:46:22 | 200 |     189.167µs |                 | GET     /api/v1/plugins/test-plugin/versions 
[GIN] 2026/03/03 - 09:46:22 | 200 |     449.583µs |                 | GET     /api/v1/plugins/test-plugin/versions 
[GIN] 2026/03/03 - 09:46:22 | 200 |     732.334µs |                 | GET     /api/v1/plugins/test-plugin/versions 
[GIN] 2026/03/03 - 09:46:22 | 200 |    34.07475ms |                 | GET     /api/v1/plugins/test-plugin/versions 
[GIN] 2026/03/03 - 09:46:22 | 200 |     933.583µs |                 | GET     /api/v1/plugins/test-plugin/versions 
[GIN] 2026/03/03 - 09:46:22 | 200 |   29.078667ms |                 | GET     /api/v1/plugins/test-plugin/versions 
[GIN] 2026/03/03 - 09:46:22 | 200 |     680.875µs |                 | GET     /api/v1/plugins/test-plugin/versions 
[GIN] 2026/03/03 - 09:46:22 | 200 |    28.66125ms |                 | GET     /api/v1/plugins/test-plugin/versions 
[GIN] 2026/03/03 - 09:46:22 | 200 |    30.33025ms |                 | GET     /api/v1/plugins/test-plugin/versions 
[GIN] 2026/03/03 - 09:46:22 | 200 |   33.977792ms |                 | GET     /api/v1/plugins/test-plugin/versions 
[GIN] 2026/03/03 - 09:46:22 | 200 |   29.933625ms |                 | GET     /api/v1/plugins/test-plugin/versions 
[GIN] 2026/03/03 - 09:46:22 | 200 |   28.601375ms |                 | GET     /api/v1/plugins/test-plugin/versions 
[GIN] 2026/03/03 - 09:46:22 | 200 |     834.625µs |                 | GET     /api/v1/plugins/test-plugin/versions 
[GIN] 2026/03/03 - 09:46:22 | 200 |     6.01375ms |                 | GET     /api/v1/plugins/test-plugin/versions 
[GIN] 2026/03/03 - 09:46:22 | 200 |     899.125µs |                 | GET     /api/v1/plugins/test-plugin/versions 
[GIN] 2026/03/03 - 09:46:22 | 200 |      22.396ms |                 | GET     /api/v1/plugins/test-plugin/versions 
[GIN] 2026/03/03 - 09:46:22 | 200 |     290.959µs |                 | GET     /api/v1/plugins/test-plugin/versions 
[GIN] 2026/03/03 - 09:46:22 | 200 |   20.906791ms |                 | GET     /api/v1/plugins/test-plugin/versions 
[GIN] 2026/03/03 - 09:46:22 | 200 |       9.431ms |                 | GET     /api/v1/plugins/test-plugin/versions 
[GIN] 2026/03/03 - 09:46:22 | 200 |    1.264208ms |                 | GET     /api/v1/plugins/test-plugin/versions 
[GIN] 2026/03/03 - 09:46:22 | 200 |    9.541208ms |                 | GET     /api/v1/plugins/test-plugin/versions 
[GIN] 2026/03/03 - 09:46:22 | 200 |     797.584µs |                 | GET     /api/v1/plugins/test-plugin/versions 
[GIN] 2026/03/03 - 09:46:22 | 200 |    9.606375ms |                 | GET     /api/v1/plugins/test-plugin/versions 
[GIN] 2026/03/03 - 09:46:22 | 200 |     316.291µs |                 | GET     /api/v1/plugins/test-plugin/versions 
[GIN] 2026/03/03 - 09:46:22 | 200 |   31.162291ms |                 | GET     /api/v1/plugins/test-plugin/versions 
[GIN] 2026/03/03 - 09:46:22 | 200 |   35.909625ms |                 | GET     /api/v1/plugins/test-plugin/versions 
[GIN] 2026/03/03 - 09:46:22 | 200 |   17.898958ms |                 | GET     /api/v1/plugins/test-plugin/versions 
[GIN] 2026/03/03 - 09:46:22 | 200 |   18.065875ms |                 | GET     /api/v1/plugins/test-plugin/versions 
[GIN] 2026/03/03 - 09:46:22 | 200 |    1.154792ms |                 | GET     /api/v1/plugins/test-plugin/versions 
[GIN] 2026/03/03 - 09:46:22 | 200 |    8.035292ms |                 | GET     /api/v1/plugins/test-plugin/versions 
[GIN] 2026/03/03 - 09:46:22 | 200 |       1.414ms |                 | GET     /api/v1/plugins/test-plugin/versions 
[GIN] 2026/03/03 - 09:46:22 | 200 |   36.802208ms |                 | GET     /api/v1/plugins/test-plugin/versions 
[GIN] 2026/03/03 - 09:46:22 | 200 |     10.8605ms |                 | GET     /api/v1/plugins/test-plugin/versions 
[GIN] 2026/03/03 - 09:46:22 | 200 |   10.936125ms |                 | GET     /api/v1/plugins/test-plugin/versions 
[GIN] 2026/03/03 - 09:46:22 | 200 |    2.275333ms |                 | GET     /api/v1/plugins/test-plugin/versions 
[GIN] 2026/03/03 - 09:46:22 | 200 |    11.01275ms |                 | GET     /api/v1/plugins/test-plugin/versions 
[GIN] 2026/03/03 - 09:46:22 | 200 |     486.875µs |                 | GET     /api/v1/plugins/test-plugin/versions 
[GIN] 2026/03/03 - 09:46:22 | 200 |       592.5µs |                 | GET     /api/v1/plugins/test-plugin/versions 
[GIN] 2026/03/03 - 09:46:22 | 200 |   12.044917ms |                 | GET     /api/v1/plugins/test-plugin/versions 
[GIN] 2026/03/03 - 09:46:22 | 200 |     772.584µs |                 | GET     /api/v1/plugins/test-plugin/versions 
[GIN] 2026/03/03 - 09:46:22 | 200 |     473.709µs |                 | GET     /api/v1/plugins/test-plugin/versions 
[GIN] 2026/03/03 - 09:46:22 | 200 |       846.5µs |                 | GET     /api/v1/plugins/test-plugin/versions 
[GIN] 2026/03/03 - 09:46:22 | 200 |   11.450125ms |                 | GET     /api/v1/plugins/test-plugin/versions 
[GIN] 2026/03/03 - 09:46:22 | 200 |      421.75µs |                 | GET     /api/v1/plugins/test-plugin/versions 
[GIN] 2026/03/03 - 09:46:22 | 200 |     781.917µs |                 | GET     /api/v1/plugins/test-plugin/versions 
[GIN] 2026/03/03 - 09:46:22 | 200 |    7.592917ms |                 | GET     /api/v1/plugins/test-plugin/versions 
[GIN] 2026/03/03 - 09:46:22 | 200 |   37.594375ms |                 | GET     /api/v1/plugins/test-plugin/versions 
[GIN] 2026/03/03 - 09:46:22 | 200 |     711.208µs |                 | GET     /api/v1/plugins/test-plugin/versions 
[GIN] 2026/03/03 - 09:46:22 | 200 |   11.885834ms |                 | GET     /api/v1/plugins/test-plugin/versions 
[GIN] 2026/03/03 - 09:46:22 | 200 |    1.074458ms |                 | GET     /api/v1/plugins/test-plugin/versions 
[GIN] 2026/03/03 - 09:46:22 | 200 |     536.625µs |                 | GET     /api/v1/plugins/test-plugin/versions 
[GIN] 2026/03/03 - 09:46:22 | 200 |     359.125µs |                 | GET     /api/v1/plugins/test-plugin/versions 
[GIN] 2026/03/03 - 09:46:22 | 200 |   38.076791ms |                 | GET     /api/v1/plugins/test-plugin/versions 
[GIN] 2026/03/03 - 09:46:22 | 200 |     873.375µs |                 | GET     /api/v1/plugins/test-plugin/versions 
[GIN] 2026/03/03 - 09:46:22 | 200 |   12.207333ms |                 | GET     /api/v1/plugins/test-plugin/versions 
[GIN] 2026/03/03 - 09:46:22 | 200 |     670.875µs |                 | GET     /api/v1/plugins/test-plugin/versions 
[GIN] 2026/03/03 - 09:46:22 | 200 |     369.958µs |                 | GET     /api/v1/plugins/test-plugin/versions 
[GIN] 2026/03/03 - 09:46:22 | 200 |     529.333µs |                 | GET     /api/v1/plugins/test-plugin/versions 
[GIN] 2026/03/03 - 09:46:22 | 200 |       3.043ms |                 | GET     /api/v1/plugins/test-plugin/versions 
[GIN] 2026/03/03 - 09:46:22 | 200 |   12.462875ms |                 | GET     /api/v1/plugins/test-plugin/versions 
[GIN] 2026/03/03 - 09:46:22 | 200 |    8.340125ms |                 | GET     /api/v1/plugins/test-plugin/versions 
[GIN] 2026/03/03 - 09:46:22 | 200 |   13.468084ms |                 | GET     /api/v1/plugins/test-plugin/versions 
[GIN] 2026/03/03 - 09:46:22 | 200 |     588.416µs |                 | GET     /api/v1/plugins/test-plugin/versions 
[GIN] 2026/03/03 - 09:46:22 | 200 |    4.710417ms |                 | GET     /api/v1/plugins/test-plugin/versions 
[GIN] 2026/03/03 - 09:46:22 | 200 |   13.181625ms |                 | GET     /api/v1/plugins/test-plugin/versions 
[GIN] 2026/03/03 - 09:46:22 | 200 |      9.6445ms |                 | GET     /api/v1/plugins/test-plugin/versions 
[GIN] 2026/03/03 - 09:46:22 | 200 |     878.375µs |                 | GET     /api/v1/plugins/test-plugin/versions 
[GIN] 2026/03/03 - 09:46:22 | 200 |   10.925708ms |                 | GET     /api/v1/plugins/test-plugin/versions 
[GIN] 2026/03/03 - 09:46:22 | 200 |    7.326042ms |                 | GET     /api/v1/plugins/test-plugin/versions 
[GIN] 2026/03/03 - 09:46:22 | 200 |    4.922833ms |                 | GET     /api/v1/plugins/test-plugin/versions 
[GIN] 2026/03/03 - 09:46:22 | 200 |     347.208µs |                 | GET     /api/v1/plugins/test-plugin/versions 
[GIN] 2026/03/03 - 09:46:22 | 200 |   13.685209ms |                 | GET     /api/v1/plugins/test-plugin/versions 
[GIN] 2026/03/03 - 09:46:22 | 200 |     346.292µs |                 | GET     /api/v1/plugins/test-plugin/versions 
[GIN] 2026/03/03 - 09:46:22 | 200 |    4.893625ms |                 | GET     /api/v1/plugins/test-plugin/versions 
[GIN] 2026/03/03 - 09:46:22 | 200 |    4.472792ms |                 | GET     /api/v1/plugins/test-plugin/versions 
[GIN] 2026/03/03 - 09:46:22 | 200 |    5.665375ms |                 | GET     /api/v1/plugins/test-plugin/versions 
[GIN] 2026/03/03 - 09:46:22 | 200 |     315.958µs |                 | GET     /api/v1/plugins/test-plugin/versions 
[GIN] 2026/03/03 - 09:46:22 | 200 |      589.25µs |                 | GET     /api/v1/plugins/test-plugin/versions 
[GIN] 2026/03/03 - 09:46:22 | 200 |     589.375µs |                 | GET     /api/v1/plugins/test-plugin/versions 
[GIN] 2026/03/03 - 09:46:22 | 200 |     730.459µs |                 | GET     /api/v1/plugins/test-plugin/versions 
[GIN] 2026/03/03 - 09:46:22 | 200 |       305.5µs |                 | GET     /api/v1/plugins/test-plugin/versions 
[GIN] 2026/03/03 - 09:46:22 | 200 |     723.625µs |                 | GET     /api/v1/plugins/test-plugin/versions 
[GIN] 2026/03/03 - 09:46:22 | 200 |    7.939459ms |                 | GET     /api/v1/plugins/test-plugin/versions 
[GIN] 2026/03/03 - 09:46:22 | 200 |    4.959333ms |                 | GET     /api/v1/plugins/test-plugin/versions 
[GIN] 2026/03/03 - 09:46:22 | 200 |     5.01025ms |                 | GET     /api/v1/plugins/test-plugin/versions 
[GIN] 2026/03/03 - 09:46:22 | 200 |      5.2695ms |                 | GET     /api/v1/plugins/test-plugin/versions 
[GIN] 2026/03/03 - 09:46:22 | 200 |    1.271833ms |                 | GET     /api/v1/plugins/test-plugin/versions 
[GIN] 2026/03/03 - 09:46:22 | 200 |      495.25µs |                 | GET     /api/v1/plugins/test-plugin/versions 
[GIN] 2026/03/03 - 09:46:22 | 200 |     201.834µs |                 | GET     /api/v1/plugins/test-plugin/versions 
[GIN] 2026/03/03 - 09:46:22 | 200 |   14.670667ms |                 | GET     /api/v1/plugins/test-plugin/versions 
[GIN] 2026/03/03 - 09:46:22 | 200 |    8.383042ms |                 | GET     /api/v1/plugins/test-plugin/versions 
[GIN] 2026/03/03 - 09:46:22 | 200 |         530µs |                 | GET     /api/v1/plugins/test-plugin/versions 
[GIN] 2026/03/03 - 09:46:22 | 200 |     281.584µs |                 | GET     /api/v1/plugins/test-plugin/versions 
[GIN] 2026/03/03 - 09:46:22 | 200 |     588.625µs |                 | GET     /api/v1/plugins/test-plugin/versions 
[GIN] 2026/03/03 - 09:46:22 | 200 |     305.542µs |                 | GET     /api/v1/plugins/test-plugin/versions 
[GIN] 2026/03/03 - 09:46:22 | 200 |     567.125µs |                 | GET     /api/v1/plugins/test-plugin/versions 
[GIN] 2026/03/03 - 09:46:22 | 200 |      371.25µs |                 | GET     /api/v1/plugins/test-plugin/versions 
[GIN] 2026/03/03 - 09:46:22 | 200 |     668.459µs |                 | GET     /api/v1/plugins/test-plugin/versions 
[GIN] 2026/03/03 - 09:46:22 | 200 |     865.625µs |                 | GET     /api/v1/plugins/test-plugin/versions 
[GIN] 2026/03/03 - 09:46:22 | 200 |         497µs |                 | GET     /api/v1/plugins/test-plugin/versions 
[GIN] 2026/03/03 - 09:46:22 | 200 |     405.041µs |                 | GET     /api/v1/plugins/test-plugin/versions 
[GIN] 2026/03/03 - 09:46:22 | 200 |    1.171083ms |                 | GET     /api/v1/plugins/test-plugin/versions 
[GIN] 2026/03/03 - 09:46:22 | 200 |   15.580125ms |                 | GET     /api/v1/plugins/test-plugin/versions 
[GIN] 2026/03/03 - 09:46:22 | 200 |     1.59475ms |                 | GET     /api/v1/plugins/test-plugin/versions 
[GIN] 2026/03/03 - 09:46:22 | 200 |     1.96025ms |                 | GET     /api/v1/plugins/test-plugin/versions 
[GIN] 2026/03/03 - 09:46:22 | 200 |     592.291µs |                 | GET     /api/v1/plugins/test-plugin/versions 
[GIN] 2026/03/03 - 09:46:22 | 200 |      12.865ms |                 | GET     /api/v1/plugins/test-plugin/versions 
[GIN] 2026/03/03 - 09:46:22 | 200 |    7.874375ms |                 | GET     /api/v1/plugins/test-plugin/versions 
[GIN] 2026/03/03 - 09:46:22 | 200 |     516.625µs |                 | GET     /api/v1/plugins/test-plugin/versions 
[GIN] 2026/03/03 - 09:46:22 | 200 |     935.333µs |                 | GET     /api/v1/plugins/test-plugin/versions 
[GIN] 2026/03/03 - 09:46:22 | 200 |     801.917µs |                 | GET     /api/v1/plugins/test-plugin/versions 
[GIN] 2026/03/03 - 09:46:22 | 200 |      6.6935ms |                 | GET     /api/v1/plugins/test-plugin/versions 
[GIN] 2026/03/03 - 09:46:22 | 200 |    2.719792ms |                 | GET     /api/v1/plugins/test-plugin/versions 
[GIN] 2026/03/03 - 09:46:22 | 200 |    1.054667ms |                 | GET     /api/v1/plugins/test-plugin/versions 
[GIN] 2026/03/03 - 09:46:22 | 200 |      866.25µs |                 | GET     /api/v1/plugins/test-plugin/versions 
[GIN] 2026/03/03 - 09:46:22 | 200 |     510.792µs |                 | GET     /api/v1/plugins/test-plugin/versions 
[GIN] 2026/03/03 - 09:46:22 | 200 |    1.293583ms |                 | GET     /api/v1/plugins/test-plugin/versions 
[GIN] 2026/03/03 - 09:46:22 | 200 |      435.75µs |                 | GET     /api/v1/plugins/test-plugin/versions 
[GIN] 2026/03/03 - 09:46:22 | 200 |     375.209µs |                 | GET     /api/v1/plugins/test-plugin/versions 
[GIN] 2026/03/03 - 09:46:22 | 200 |    1.009667ms |                 | GET     /api/v1/plugins/test-plugin/versions 
[GIN] 2026/03/03 - 09:46:22 | 200 |    6.513375ms |                 | GET     /api/v1/plugins/test-plugin/versions 
[GIN] 2026/03/03 - 09:46:22 | 200 |   16.604416ms |                 | GET     /api/v1/plugins/test-plugin/versions 
[GIN] 2026/03/03 - 09:46:22 | 200 |     370.333µs |                 | GET     /api/v1/plugins/test-plugin/versions 
[GIN] 2026/03/03 - 09:46:22 | 200 |   24.047208ms |                 | GET     /api/v1/plugins/test-plugin/versions 
[GIN] 2026/03/03 - 09:46:22 | 200 |    8.192917ms |                 | GET     /api/v1/plugins/test-plugin/versions 
[GIN] 2026/03/03 - 09:46:22 | 200 |     665.458µs |                 | GET     /api/v1/plugins/test-plugin/versions 
[GIN] 2026/03/03 - 09:46:22 | 200 |   16.928833ms |                 | GET     /api/v1/plugins/test-plugin/versions 
[GIN] 2026/03/03 - 09:46:22 | 200 |     388.583µs |                 | GET     /api/v1/plugins/test-plugin/versions 
[GIN] 2026/03/03 - 09:46:22 | 200 |      510.25µs |                 | GET     /api/v1/plugins/test-plugin/versions 
[GIN] 2026/03/03 - 09:46:22 | 200 |     354.042µs |                 | GET     /api/v1/plugins/test-plugin/versions 
[GIN] 2026/03/03 - 09:46:22 | 200 |     338.041µs |                 | GET     /api/v1/plugins/test-plugin/versions 
[GIN] 2026/03/03 - 09:46:22 | 200 |     368.958µs |                 | GET     /api/v1/plugins/test-plugin/versions 
[GIN] 2026/03/03 - 09:46:22 | 200 |    2.448125ms |                 | GET     /api/v1/plugins/test-plugin/versions 
[GIN] 2026/03/03 - 09:46:22 | 200 |   17.241583ms |                 | GET     /api/v1/plugins/test-plugin/versions 
[GIN] 2026/03/03 - 09:46:22 | 200 |    3.313042ms |                 | GET     /api/v1/plugins/test-plugin/versions 
[GIN] 2026/03/03 - 09:46:22 | 200 |   17.422459ms |                 | GET     /api/v1/plugins/test-plugin/versions 
[GIN] 2026/03/03 - 09:46:22 | 200 |    9.561375ms |                 | GET     /api/v1/plugins/test-plugin/versions 
[GIN] 2026/03/03 - 09:46:22 | 200 |     872.584µs |                 | GET     /api/v1/plugins/test-plugin/versions 
[GIN] 2026/03/03 - 09:46:22 | 200 |     485.959µs |                 | GET     /api/v1/plugins/test-plugin/versions 
[GIN] 2026/03/03 - 09:46:22 | 200 |    1.718667ms |                 | GET     /api/v1/plugins/test-plugin/versions 
[GIN] 2026/03/03 - 09:46:22 | 200 |    18.38825ms |                 | GET     /api/v1/plugins/test-plugin/versions 
[GIN] 2026/03/03 - 09:46:22 | 200 |    2.548917ms |                 | GET     /api/v1/plugins/test-plugin/versions 
[GIN] 2026/03/03 - 09:46:22 | 200 |      2.1695ms |                 | GET     /api/v1/plugins/test-plugin/versions 
[GIN] 2026/03/03 - 09:46:22 | 200 |     963.125µs |                 | GET     /api/v1/plugins/test-plugin/versions 
[GIN] 2026/03/03 - 09:46:22 | 200 |    5.225584ms |                 | GET     /api/v1/plugins/test-plugin/versions 
[GIN] 2026/03/03 - 09:46:22 | 200 |     430.042µs |                 | GET     /api/v1/plugins/test-plugin/versions 
[GIN] 2026/03/03 - 09:46:22 | 200 |    1.887583ms |                 | GET     /api/v1/plugins/test-plugin/versions 
[GIN] 2026/03/03 - 09:46:22 | 200 |    9.259209ms |                 | GET     /api/v1/plugins/test-plugin/versions 
[GIN] 2026/03/03 - 09:46:22 | 200 |       2.487ms |                 | GET     /api/v1/plugins/test-plugin/versions 
[GIN] 2026/03/03 - 09:46:22 | 200 |      352.75µs |                 | GET     /api/v1/plugins/test-plugin/versions 
[GIN] 2026/03/03 - 09:46:22 | 200 |     334.208µs |                 | GET     /api/v1/plugins/test-plugin/versions 
[GIN] 2026/03/03 - 09:46:22 | 200 |    3.840708ms |                 | GET     /api/v1/plugins/test-plugin/versions 
[GIN] 2026/03/03 - 09:46:22 | 200 |     556.375µs |                 | GET     /api/v1/plugins/test-plugin/versions 
[GIN] 2026/03/03 - 09:46:22 | 200 |    1.789917ms |                 | GET     /api/v1/plugins/test-plugin/versions 
[GIN] 2026/03/03 - 09:46:22 | 200 |     462.708µs |                 | GET     /api/v1/plugins/test-plugin/versions 
[GIN] 2026/03/03 - 09:46:22 | 200 |    1.335084ms |                 | GET     /api/v1/plugins/test-plugin/versions 
[GIN] 2026/03/03 - 09:46:22 | 200 |    2.947542ms |                 | GET     /api/v1/plugins/test-plugin/versions 
[GIN] 2026/03/03 - 09:46:22 | 200 |    2.141917ms |                 | GET     /api/v1/plugins/test-plugin/versions 
[GIN] 2026/03/03 - 09:46:22 | 200 |   18.787417ms |                 | GET     /api/v1/plugins/test-plugin/versions 
[GIN] 2026/03/03 - 09:46:22 | 200 |     389.625µs |                 | GET     /api/v1/plugins/test-plugin/versions 
[GIN] 2026/03/03 - 09:46:22 | 200 |      371.25µs |                 | GET     /api/v1/plugins/test-plugin/versions 
[GIN] 2026/03/03 - 09:46:22 | 200 |   26.553125ms |                 | GET     /api/v1/plugins/test-plugin/versions 
[GIN] 2026/03/03 - 09:46:22 | 200 |     7.99925ms |                 | GET     /api/v1/plugins/test-plugin/versions 
[GIN] 2026/03/03 - 09:46:22 | 200 |     573.791µs |                 | GET     /api/v1/plugins/test-plugin/versions 
[GIN] 2026/03/03 - 09:46:22 | 200 |     687.625µs |                 | GET     /api/v1/plugins/test-plugin/versions 
[GIN] 2026/03/03 - 09:46:22 | 200 |     550.458µs |                 | GET     /api/v1/plugins/test-plugin/versions 
[GIN] 2026/03/03 - 09:46:22 | 200 |     285.667µs |                 | GET     /api/v1/plugins/test-plugin/versions 
[GIN] 2026/03/03 - 09:46:22 | 200 |      291.75µs |                 | GET     /api/v1/plugins/test-plugin/versions 
[GIN] 2026/03/03 - 09:46:22 | 200 |    7.750834ms |                 | GET     /api/v1/plugins/test-plugin/versions 
[GIN] 2026/03/03 - 09:46:22 | 200 |         400µs |                 | GET     /api/v1/plugins/test-plugin/versions 
[GIN] 2026/03/03 - 09:46:22 | 200 |     313.291µs |                 | GET     /api/v1/plugins/test-plugin/versions 
[GIN] 2026/03/03 - 09:46:22 | 200 |    2.643125ms |                 | GET     /api/v1/plugins/test-plugin/versions 
[GIN] 2026/03/03 - 09:46:22 | 200 |     544.292µs |                 | GET     /api/v1/plugins/test-plugin/versions 
[GIN] 2026/03/03 - 09:46:22 | 200 |     391.875µs |                 | GET     /api/v1/plugins/test-plugin/versions 
[GIN] 2026/03/03 - 09:46:22 | 200 |     898.875µs |                 | GET     /api/v1/plugins/test-plugin/versions 
[GIN] 2026/03/03 - 09:46:22 | 200 |     258.916µs |                 | GET     /api/v1/plugins/test-plugin/versions 
[GIN] 2026/03/03 - 09:46:22 | 200 |     289.916µs |                 | GET     /api/v1/plugins/test-plugin/versions 
[GIN] 2026/03/03 - 09:46:22 | 200 |    1.100416ms |                 | GET     /api/v1/plugins/test-plugin/versions 
[GIN] 2026/03/03 - 09:46:22 | 200 |     145.208µs |                 | GET     /api/v1/plugins/test-plugin/versions 
[GIN] 2026/03/03 - 09:46:22 | 200 |      426.25µs |                 | GET     /api/v1/plugins/test-plugin/versions 
[GIN] 2026/03/03 - 09:46:22 | 200 |     492.833µs |                 | GET     /api/v1/plugins/test-plugin/versions 
[GIN] 2026/03/03 - 09:46:22 | 200 |     789.375µs |                 | GET     /api/v1/plugins/test-plugin/versions 
[GIN] 2026/03/03 - 09:46:22 | 200 |     319.458µs |                 | GET     /api/v1/plugins/test-plugin/versions 
[GIN] 2026/03/03 - 09:46:22 | 200 |     601.334µs |                 | GET     /api/v1/plugins/test-plugin/versions 
[GIN] 2026/03/03 - 09:46:22 | 200 |    8.973667ms |                 | GET     /api/v1/plugins/test-plugin/versions 
[GIN] 2026/03/03 - 09:46:22 | 200 |   12.631334ms |                 | GET     /api/v1/plugins/test-plugin/versions 
[GIN] 2026/03/03 - 09:46:22 | 200 |    3.670083ms |                 | GET     /api/v1/plugins/test-plugin/versions 
[GIN] 2026/03/03 - 09:46:22 | 200 |     957.792µs |                 | GET     /api/v1/plugins/test-plugin/versions 
[GIN] 2026/03/03 - 09:46:22 | 200 |   11.033416ms |                 | GET     /api/v1/plugins/test-plugin/versions 
[GIN] 2026/03/03 - 09:46:22 | 200 |       3.169ms |                 | GET     /api/v1/plugins/test-plugin/versions 
[GIN] 2026/03/03 - 09:46:22 | 200 |    4.945625ms |                 | GET     /api/v1/plugins/test-plugin/versions 
[GIN] 2026/03/03 - 09:46:22 | 200 |         182µs |                 | GET     /api/v1/plugins/test-plugin/versions 
[GIN] 2026/03/03 - 09:46:22 | 200 |     939.583µs |                 | GET     /api/v1/plugins/test-plugin/versions 
[GIN] 2026/03/03 - 09:46:22 | 200 |   12.077584ms |                 | GET     /api/v1/plugins/test-plugin/versions 
[GIN] 2026/03/03 - 09:46:22 | 200 |    7.887208ms |                 | GET     /api/v1/plugins/test-plugin/versions 
[GIN] 2026/03/03 - 09:46:22 | 200 |   21.246583ms |                 | GET     /api/v1/plugins/test-plugin/versions 
[GIN] 2026/03/03 - 09:46:22 | 200 |     360.958µs |                 | GET     /api/v1/plugins/test-plugin/versions 
[GIN] 2026/03/03 - 09:46:22 | 200 |     646.667µs |                 | GET     /api/v1/plugins/test-plugin/versions 
[GIN] 2026/03/03 - 09:46:22 | 200 |     1.37625ms |                 | GET     /api/v1/plugins/test-plugin/versions 
[GIN] 2026/03/03 - 09:46:22 | 200 |    1.554834ms |                 | GET     /api/v1/plugins/test-plugin/versions 
[GIN] 2026/03/03 - 09:46:22 | 200 |     9.19725ms |                 | GET     /api/v1/plugins/test-plugin/versions 
[GIN] 2026/03/03 - 09:46:22 | 200 |    9.102875ms |                 | GET     /api/v1/plugins/test-plugin/versions 
[GIN] 2026/03/03 - 09:46:22 | 200 |    1.696625ms |                 | GET     /api/v1/plugins/test-plugin/versions 
[GIN] 2026/03/03 - 09:46:22 | 200 |       732.5µs |                 | GET     /api/v1/plugins/test-plugin/versions 
[GIN] 2026/03/03 - 09:46:22 | 200 |   10.241875ms |                 | GET     /api/v1/plugins/test-plugin/versions 
[GIN] 2026/03/03 - 09:46:22 | 200 |     551.833µs |                 | GET     /api/v1/plugins/test-plugin/versions 
[GIN] 2026/03/03 - 09:46:22 | 200 |    5.881833ms |                 | GET     /api/v1/plugins/test-plugin/versions 
[GIN] 2026/03/03 - 09:46:22 | 200 |   21.711667ms |                 | GET     /api/v1/plugins/test-plugin/versions 
[GIN] 2026/03/03 - 09:46:22 | 200 |     647.667µs |                 | GET     /api/v1/plugins/test-plugin/versions 
[GIN] 2026/03/03 - 09:46:22 | 200 |    1.357584ms |                 | GET     /api/v1/plugins/test-plugin/versions 
[GIN] 2026/03/03 - 09:46:22 | 200 |     871.041µs |                 | GET     /api/v1/plugins/test-plugin/versions 
[GIN] 2026/03/03 - 09:46:22 | 200 |     402.625µs |                 | GET     /api/v1/plugins/test-plugin/versions 
[GIN] 2026/03/03 - 09:46:22 | 200 |     788.375µs |                 | GET     /api/v1/plugins/test-plugin/versions 
[GIN] 2026/03/03 - 09:46:22 | 200 |     754.333µs |                 | GET     /api/v1/plugins/test-plugin/versions 
[GIN] 2026/03/03 - 09:46:22 | 200 |     477.917µs |                 | GET     /api/v1/plugins/test-plugin/versions 
[GIN] 2026/03/03 - 09:46:22 | 200 |   10.256042ms |                 | GET     /api/v1/plugins/test-plugin/versions 
[GIN] 2026/03/03 - 09:46:22 | 200 |      300.75µs |                 | GET     /api/v1/plugins/test-plugin/versions 
[GIN] 2026/03/03 - 09:46:22 | 200 |   17.812875ms |                 | GET     /api/v1/plugins/test-plugin/versions 
[GIN] 2026/03/03 - 09:46:22 | 200 |   38.900958ms |                 | GET     /api/v1/plugins/test-plugin/versions 
[GIN] 2026/03/03 - 09:46:22 | 200 |   10.326459ms |                 | GET     /api/v1/plugins/test-plugin/versions 
[GIN] 2026/03/03 - 09:46:22 | 200 |    2.082958ms |                 | GET     /api/v1/plugins/test-plugin/versions 
[GIN] 2026/03/03 - 09:46:22 | 200 |    16.92375ms |                 | GET     /api/v1/plugins/test-plugin/versions 
[GIN] 2026/03/03 - 09:46:22 | 200 |     1.26675ms |                 | GET     /api/v1/plugins/test-plugin/versions 
[GIN] 2026/03/03 - 09:46:22 | 200 |      2.4015ms |                 | GET     /api/v1/plugins/test-plugin/versions 
[GIN] 2026/03/03 - 09:46:22 | 200 |    10.11225ms |                 | GET     /api/v1/plugins/test-plugin/versions 
[GIN] 2026/03/03 - 09:46:22 | 200 |    12.14875ms |                 | GET     /api/v1/plugins/test-plugin/versions 
[GIN] 2026/03/03 - 09:46:22 | 200 |     531.959µs |                 | GET     /api/v1/plugins/test-plugin/versions 
[GIN] 2026/03/03 - 09:46:22 | 200 |     406.584µs |                 | GET     /api/v1/plugins/test-plugin/versions 
[GIN] 2026/03/03 - 09:46:22 | 200 |     529.667µs |                 | GET     /api/v1/plugins/test-plugin/versions 
[GIN] 2026/03/03 - 09:46:22 | 200 |     724.542µs |                 | GET     /api/v1/plugins/test-plugin/versions 
[GIN] 2026/03/03 - 09:46:22 | 200 |    3.099958ms |                 | GET     /api/v1/plugins/test-plugin/versions 
[GIN] 2026/03/03 - 09:46:22 | 200 |   10.928917ms |                 | GET     /api/v1/plugins/test-plugin/versions 
[GIN] 2026/03/03 - 09:46:22 | 200 |     459.917µs |                 | GET     /api/v1/plugins/test-plugin/versions 
[GIN] 2026/03/03 - 09:46:22 | 200 |     585.083µs |                 | GET     /api/v1/plugins/test-plugin/versions 
[GIN] 2026/03/03 - 09:46:22 | 200 |     458.083µs |                 | GET     /api/v1/plugins/test-plugin/versions 
[GIN] 2026/03/03 - 09:46:22 | 200 |     683.666µs |                 | GET     /api/v1/plugins/test-plugin/versions 
[GIN] 2026/03/03 - 09:46:22 | 200 |      1.1555ms |                 | GET     /api/v1/plugins/test-plugin/versions 
[GIN] 2026/03/03 - 09:46:22 | 200 |     537.292µs |                 | GET     /api/v1/plugins/test-plugin/versions 
[GIN] 2026/03/03 - 09:46:22 | 200 |     426.333µs |                 | GET     /api/v1/plugins/test-plugin/versions 
[GIN] 2026/03/03 - 09:46:22 | 200 |     766.792µs |                 | GET     /api/v1/plugins/test-plugin/versions 
[GIN] 2026/03/03 - 09:46:22 | 200 |     461.708µs |                 | GET     /api/v1/plugins/test-plugin/versions 
[GIN] 2026/03/03 - 09:46:22 | 200 |     334.333µs |                 | GET     /api/v1/plugins/test-plugin/versions 
[GIN] 2026/03/03 - 09:46:22 | 200 |     747.166µs |                 | GET     /api/v1/plugins/test-plugin/versions 
[GIN] 2026/03/03 - 09:46:22 | 200 |     443.708µs |                 | GET     /api/v1/plugins/test-plugin/versions 
[GIN] 2026/03/03 - 09:46:22 | 200 |     595.583µs |                 | GET     /api/v1/plugins/test-plugin/versions 
[GIN] 2026/03/03 - 09:46:22 | 200 |     338.291µs |                 | GET     /api/v1/plugins/test-plugin/versions 
[GIN] 2026/03/03 - 09:46:22 | 200 |     903.334µs |                 | GET     /api/v1/plugins/test-plugin/versions 
[GIN] 2026/03/03 - 09:46:22 | 200 |    1.323916ms |                 | GET     /api/v1/plugins/test-plugin/versions 
[GIN] 2026/03/03 - 09:46:22 | 200 |     727.334µs |                 | GET     /api/v1/plugins/test-plugin/versions 
[GIN] 2026/03/03 - 09:46:22 | 200 |     806.792µs |                 | GET     /api/v1/plugins/test-plugin/versions 
[GIN] 2026/03/03 - 09:46:22 | 200 |     225.959µs |                 | GET     /api/v1/plugins/test-plugin/versions 
[GIN] 2026/03/03 - 09:46:22 | 200 |     391.209µs |                 | GET     /api/v1/plugins/test-plugin/versions 
[GIN] 2026/03/03 - 09:46:22 | 200 |   13.345791ms |                 | GET     /api/v1/plugins/test-plugin/versions 
[GIN] 2026/03/03 - 09:46:22 | 200 |     662.958µs |                 | GET     /api/v1/plugins/test-plugin/versions 
[GIN] 2026/03/03 - 09:46:22 | 200 |    1.098833ms |                 | GET     /api/v1/plugins/test-plugin/versions 
[GIN] 2026/03/03 - 09:46:22 | 200 |         961µs |                 | GET     /api/v1/plugins/test-plugin/versions 
[GIN] 2026/03/03 - 09:46:22 | 200 |     484.791µs |                 | GET     /api/v1/plugins/test-plugin/versions 
[GIN] 2026/03/03 - 09:46:22 | 200 |     719.125µs |                 | GET     /api/v1/plugins/test-plugin/versions 
[GIN] 2026/03/03 - 09:46:22 | 200 |   39.383375ms |                 | GET     /api/v1/plugins/test-plugin/versions 
[GIN] 2026/03/03 - 09:46:22 | 200 |     1.48975ms |                 | GET     /api/v1/plugins/test-plugin/versions 
[GIN] 2026/03/03 - 09:46:22 | 200 |     637.125µs |                 | GET     /api/v1/plugins/test-plugin/versions 
[GIN] 2026/03/03 - 09:46:22 | 200 |     552.959µs |                 | GET     /api/v1/plugins/test-plugin/versions 
[GIN] 2026/03/03 - 09:46:22 | 200 |     674.417µs |                 | GET     /api/v1/plugins/test-plugin/versions 
[GIN] 2026/03/03 - 09:46:22 | 200 |      636.75µs |                 | GET     /api/v1/plugins/test-plugin/versions 
[GIN] 2026/03/03 - 09:46:22 | 200 |         480µs |                 | GET     /api/v1/plugins/test-plugin/versions 
[GIN] 2026/03/03 - 09:46:22 | 200 |     702.333µs |                 | GET     /api/v1/plugins/test-plugin/versions 
[GIN] 2026/03/03 - 09:46:22 | 200 |    1.018417ms |                 | GET     /api/v1/plugins/test-plugin/versions 
[GIN] 2026/03/03 - 09:46:22 | 200 |     852.084µs |                 | GET     /api/v1/plugins/test-plugin/versions 
[GIN] 2026/03/03 - 09:46:22 | 200 |     467.167µs |                 | GET     /api/v1/plugins/test-plugin/versions 
[GIN] 2026/03/03 - 09:46:22 | 200 |     640.459µs |                 | GET     /api/v1/plugins/test-plugin/versions 
[GIN] 2026/03/03 - 09:46:22 | 200 |     483.375µs |                 | GET     /api/v1/plugins/test-plugin/versions 
[GIN] 2026/03/03 - 09:46:22 | 200 |     648.917µs |                 | GET     /api/v1/plugins/test-plugin/versions 
[GIN] 2026/03/03 - 09:46:22 | 200 |      691.75µs |                 | GET     /api/v1/plugins/test-plugin/versions 
[GIN] 2026/03/03 - 09:46:22 | 200 |   26.126833ms |                 | GET     /api/v1/plugins/test-plugin/versions 
[GIN] 2026/03/03 - 09:46:22 | 200 |    6.877834ms |                 | GET     /api/v1/plugins/test-plugin/versions 
[GIN] 2026/03/03 - 09:46:22 | 200 |   14.078292ms |                 | GET     /api/v1/plugins/test-plugin/versions 
[GIN] 2026/03/03 - 09:46:22 | 200 |     387.208µs |                 | GET     /api/v1/plugins/test-plugin/versions 
[GIN] 2026/03/03 - 09:46:22 | 200 |    14.07025ms |                 | GET     /api/v1/plugins/test-plugin/versions 
[GIN] 2026/03/03 - 09:46:22 | 200 |     338.459µs |                 | GET     /api/v1/plugins/test-plugin/versions 
[GIN] 2026/03/03 - 09:46:22 | 200 |     441.542µs |                 | GET     /api/v1/plugins/test-plugin/versions 
[GIN] 2026/03/03 - 09:46:22 | 200 |     905.458µs |                 | GET     /api/v1/plugins/test-plugin/versions 
[GIN] 2026/03/03 - 09:46:22 | 200 |     389.875µs |                 | GET     /api/v1/plugins/test-plugin/versions 
[GIN] 2026/03/03 - 09:46:22 | 200 |     719.416µs |                 | GET     /api/v1/plugins/test-plugin/versions 
[GIN] 2026/03/03 - 09:46:22 | 200 |         832µs |                 | GET     /api/v1/plugins/test-plugin/versions 
[GIN] 2026/03/03 - 09:46:22 | 200 |    9.259917ms |                 | GET     /api/v1/plugins/test-plugin/versions 
[GIN] 2026/03/03 - 09:46:22 | 200 |       462.5µs |                 | GET     /api/v1/plugins/test-plugin/versions 
[GIN] 2026/03/03 - 09:46:22 | 200 |    9.353917ms |                 | GET     /api/v1/plugins/test-plugin/versions 
[GIN] 2026/03/03 - 09:46:22 | 200 |    6.228042ms |                 | GET     /api/v1/plugins/test-plugin/versions 
[GIN] 2026/03/03 - 09:46:22 | 200 |    8.822334ms |                 | GET     /api/v1/plugins/test-plugin/versions 
[GIN] 2026/03/03 - 09:46:22 | 200 |     684.542µs |                 | GET     /api/v1/plugins/test-plugin/versions 
[GIN] 2026/03/03 - 09:46:22 | 200 |     636.334µs |                 | GET     /api/v1/plugins/test-plugin/versions 
[GIN] 2026/03/03 - 09:46:22 | 200 |     956.584µs |                 | GET     /api/v1/plugins/test-plugin/versions 
[GIN] 2026/03/03 - 09:46:22 | 200 |     955.375µs |                 | GET     /api/v1/plugins/test-plugin/versions 
[GIN] 2026/03/03 - 09:46:22 | 200 |    9.501458ms |                 | GET     /api/v1/plugins/test-plugin/versions 
[GIN] 2026/03/03 - 09:46:22 | 200 |     313.791µs |                 | GET     /api/v1/plugins/test-plugin/versions 
[GIN] 2026/03/03 - 09:46:22 | 200 |     547.583µs |                 | GET     /api/v1/plugins/test-plugin/versions 
[GIN] 2026/03/03 - 09:46:22 | 200 |      1.6155ms |                 | GET     /api/v1/plugins/test-plugin/versions 
[GIN] 2026/03/03 - 09:46:22 | 200 |     338.791µs |                 | GET     /api/v1/plugins/test-plugin/versions 
[GIN] 2026/03/03 - 09:46:22 | 200 |      443.75µs |                 | GET     /api/v1/plugins/test-plugin/versions 
[GIN] 2026/03/03 - 09:46:22 | 200 |     194.959µs |                 | GET     /api/v1/plugins/test-plugin/versions 
[GIN] 2026/03/03 - 09:46:22 | 200 |     456.291µs |                 | GET     /api/v1/plugins/test-plugin/versions 
[GIN] 2026/03/03 - 09:46:22 | 200 |    14.68675ms |                 | GET     /api/v1/plugins/test-plugin/versions 
[GIN] 2026/03/03 - 09:46:22 | 200 |     474.792µs |                 | GET     /api/v1/plugins/test-plugin/versions 
[GIN] 2026/03/03 - 09:46:22 | 200 |     314.667µs |                 | GET     /api/v1/plugins/test-plugin/versions 
[GIN] 2026/03/03 - 09:46:22 | 200 |       475.5µs |                 | GET     /api/v1/plugins/test-plugin/versions 
[GIN] 2026/03/03 - 09:46:22 | 200 |     468.166µs |                 | GET     /api/v1/plugins/test-plugin/versions 
[GIN] 2026/03/03 - 09:46:22 | 200 |     828.125µs |                 | GET     /api/v1/plugins/test-plugin/versions 
[GIN] 2026/03/03 - 09:46:22 | 200 |    1.097791ms |                 | GET     /api/v1/plugins/test-plugin/versions 
[GIN] 2026/03/03 - 09:46:22 | 200 |     562.208µs |                 | GET     /api/v1/plugins/test-plugin/versions 
[GIN] 2026/03/03 - 09:46:22 | 200 |    1.036375ms |                 | GET     /api/v1/plugins/test-plugin/versions 
[GIN] 2026/03/03 - 09:46:22 | 200 |       484.5µs |                 | GET     /api/v1/plugins/test-plugin/versions 
[GIN] 2026/03/03 - 09:46:22 | 200 |      977.25µs |                 | GET     /api/v1/plugins/test-plugin/versions 
[GIN] 2026/03/03 - 09:46:22 | 200 |    1.212708ms |                 | GET     /api/v1/plugins/test-plugin/versions 
[GIN] 2026/03/03 - 09:46:22 | 200 |     805.125µs |                 | GET     /api/v1/plugins/test-plugin/versions 
[GIN] 2026/03/03 - 09:46:22 | 200 |    6.847708ms |                 | GET     /api/v1/plugins/test-plugin/versions 
[GIN] 2026/03/03 - 09:46:22 | 200 |      726.75µs |                 | GET     /api/v1/plugins/test-plugin/versions 
[GIN] 2026/03/03 - 09:46:22 | 200 |    6.611916ms |                 | GET     /api/v1/plugins/test-plugin/versions 
[GIN] 2026/03/03 - 09:46:22 | 200 |   17.583208ms |                 | GET     /api/v1/plugins/test-plugin/versions 
[GIN] 2026/03/03 - 09:46:22 | 200 |   10.858541ms |                 | GET     /api/v1/plugins/test-plugin/versions 
[GIN] 2026/03/03 - 09:46:22 | 200 |    2.814916ms |                 | GET     /api/v1/plugins/test-plugin/versions 
[GIN] 2026/03/03 - 09:46:22 | 200 |     1.82875ms |                 | GET     /api/v1/plugins/test-plugin/versions 
[GIN] 2026/03/03 - 09:46:22 | 200 |     9.22475ms |                 | GET     /api/v1/plugins/test-plugin/versions 
[GIN] 2026/03/03 - 09:46:22 | 200 |    15.41575ms |                 | GET     /api/v1/plugins/test-plugin/versions 
[GIN] 2026/03/03 - 09:46:22 | 200 |   10.907958ms |                 | GET     /api/v1/plugins/test-plugin/versions 
[GIN] 2026/03/03 - 09:46:22 | 200 |    3.135917ms |                 | GET     /api/v1/plugins/test-plugin/versions 
[GIN] 2026/03/03 - 09:46:22 | 200 |    7.914541ms |                 | GET     /api/v1/plugins/test-plugin/versions 
[GIN] 2026/03/03 - 09:46:22 | 200 |     157.708µs |                 | GET     /api/v1/plugins/test-plugin/versions 
[GIN] 2026/03/03 - 09:46:22 | 200 |     927.792µs |                 | GET     /api/v1/plugins/test-plugin/versions 
[GIN] 2026/03/03 - 09:46:22 | 200 |    1.743791ms |                 | GET     /api/v1/plugins/test-plugin/versions 
[GIN] 2026/03/03 - 09:46:22 | 200 |     746.209µs |                 | GET     /api/v1/plugins/test-plugin/versions 
[GIN] 2026/03/03 - 09:46:22 | 200 |   23.447209ms |                 | GET     /api/v1/plugins/test-plugin/versions 
[GIN] 2026/03/03 - 09:46:22 | 200 |    1.150209ms |                 | GET     /api/v1/plugins/test-plugin/versions 
[GIN] 2026/03/03 - 09:46:22 | 200 |     722.542µs |                 | GET     /api/v1/plugins/test-plugin/versions 
[GIN] 2026/03/03 - 09:46:22 | 200 |    1.017208ms |                 | GET     /api/v1/plugins/test-plugin/versions 
[GIN] 2026/03/03 - 09:46:22 | 200 |   10.214625ms |                 | GET     /api/v1/plugins/test-plugin/versions 
[GIN] 2026/03/03 - 09:46:22 | 200 |    2.126667ms |                 | GET     /api/v1/plugins/test-plugin/versions 
[GIN] 2026/03/03 - 09:46:22 | 200 |    1.912208ms |                 | GET     /api/v1/plugins/test-plugin/versions 
[GIN] 2026/03/03 - 09:46:22 | 200 |     491.083µs |                 | GET     /api/v1/plugins/test-plugin/versions 
[GIN] 2026/03/03 - 09:46:22 | 200 |     289.291µs |                 | GET     /api/v1/plugins/test-plugin/versions 
[GIN] 2026/03/03 - 09:46:22 | 200 |       298.5µs |                 | GET     /api/v1/plugins/test-plugin/versions 
[GIN] 2026/03/03 - 09:46:22 | 200 |     690.333µs |                 | GET     /api/v1/plugins/test-plugin/versions 
[GIN] 2026/03/03 - 09:46:22 | 200 |   12.788583ms |                 | GET     /api/v1/plugins/test-plugin/versions 
[GIN] 2026/03/03 - 09:46:22 | 200 |    2.180792ms |                 | GET     /api/v1/plugins/test-plugin/versions 
[GIN] 2026/03/03 - 09:46:22 | 200 |     644.458µs |                 | GET     /api/v1/plugins/test-plugin/versions 
[GIN] 2026/03/03 - 09:46:22 | 200 |    1.573791ms |                 | GET     /api/v1/plugins/test-plugin/versions 
[GIN] 2026/03/03 - 09:46:22 | 200 |    8.464542ms |                 | GET     /api/v1/plugins/test-plugin/versions 
[GIN] 2026/03/03 - 09:46:22 | 200 |     323.625µs |                 | GET     /api/v1/plugins/test-plugin/versions 
[GIN] 2026/03/03 - 09:46:22 | 200 |   24.425166ms |                 | GET     /api/v1/plugins/test-plugin/versions 
[GIN] 2026/03/03 - 09:46:22 | 200 |     986.125µs |                 | GET     /api/v1/plugins/test-plugin/versions 
[GIN] 2026/03/03 - 09:46:22 | 200 |     468.625µs |                 | GET     /api/v1/plugins/test-plugin/versions 
[GIN] 2026/03/03 - 09:46:22 | 200 |     936.833µs |                 | GET     /api/v1/plugins/test-plugin/versions 
[GIN] 2026/03/03 - 09:46:22 | 200 |     616.917µs |                 | GET     /api/v1/plugins/test-plugin/versions 
[GIN] 2026/03/03 - 09:46:22 | 200 |     863.208µs |                 | GET     /api/v1/plugins/test-plugin/versions 
[GIN] 2026/03/03 - 09:46:22 | 200 |     536.958µs |                 | GET     /api/v1/plugins/test-plugin/versions 
[GIN] 2026/03/03 - 09:46:22 | 200 |         662µs |                 | GET     /api/v1/plugins/test-plugin/versions 
[GIN] 2026/03/03 - 09:46:22 | 200 |   14.404459ms |                 | GET     /api/v1/plugins/test-plugin/versions 
[GIN] 2026/03/03 - 09:46:22 | 200 |   23.454792ms |                 | GET     /api/v1/plugins/test-plugin/versions 
[GIN] 2026/03/03 - 09:46:22 | 200 |    9.622584ms |                 | GET     /api/v1/plugins/test-plugin/versions 
[GIN] 2026/03/03 - 09:46:22 | 200 |      11.034ms |                 | GET     /api/v1/plugins/test-plugin/versions 
[GIN] 2026/03/03 - 09:46:22 | 200 |    9.479625ms |                 | GET     /api/v1/plugins/test-plugin/versions 
[GIN] 2026/03/03 - 09:46:22 | 200 |     589.958µs |                 | GET     /api/v1/plugins/test-plugin/versions 
[GIN] 2026/03/03 - 09:46:22 | 200 |   31.750541ms |                 | GET     /api/v1/plugins/test-plugin/versions 
[GIN] 2026/03/03 - 09:46:22 | 200 |   21.881375ms |                 | GET     /api/v1/plugins/test-plugin/versions 
[GIN] 2026/03/03 - 09:46:22 | 200 |    6.247041ms |                 | GET     /api/v1/plugins/test-plugin/versions 
[GIN] 2026/03/03 - 09:46:22 | 200 |     415.916µs |                 | GET     /api/v1/plugins/test-plugin/versions 
[GIN] 2026/03/03 - 09:46:22 | 200 |     659.875µs |                 | GET     /api/v1/plugins/test-plugin/versions 
[GIN] 2026/03/03 - 09:46:22 | 200 |   15.071125ms |                 | GET     /api/v1/plugins/test-plugin/versions 
[GIN] 2026/03/03 - 09:46:22 | 200 |     682.125µs |                 | GET     /api/v1/plugins/test-plugin/versions 
[GIN] 2026/03/03 - 09:46:22 | 200 |     736.041µs |                 | GET     /api/v1/plugins/test-plugin/versions 
[GIN] 2026/03/03 - 09:46:22 | 200 |     175.834µs |                 | GET     /api/v1/plugins/test-plugin/versions 
[GIN] 2026/03/03 - 09:46:22 | 200 |      681.75µs |                 | GET     /api/v1/plugins/test-plugin/versions 
[GIN] 2026/03/03 - 09:46:22 | 200 |       734.5µs |                 | GET     /api/v1/plugins/test-plugin/versions 
[GIN] 2026/03/03 - 09:46:22 | 200 |   10.296459ms |                 | GET     /api/v1/plugins/test-plugin/versions 
[GIN] 2026/03/03 - 09:46:22 | 200 |     335.125µs |                 | GET     /api/v1/plugins/test-plugin/versions 
[GIN] 2026/03/03 - 09:46:22 | 200 |    14.78575ms |                 | GET     /api/v1/plugins/test-plugin/versions 
[GIN] 2026/03/03 - 09:46:22 | 200 |    2.907041ms |                 | GET     /api/v1/plugins/test-plugin/versions 
[GIN] 2026/03/03 - 09:46:22 | 200 |     321.875µs |                 | GET     /api/v1/plugins/test-plugin/versions 
[GIN] 2026/03/03 - 09:46:22 | 200 |     334.084µs |                 | GET     /api/v1/plugins/test-plugin/versions 
[GIN] 2026/03/03 - 09:46:22 | 200 |     406.125µs |                 | GET     /api/v1/plugins/test-plugin/versions 
[GIN] 2026/03/03 - 09:46:22 | 200 |     595.417µs |                 | GET     /api/v1/plugins/test-plugin/versions 
[GIN] 2026/03/03 - 09:46:22 | 200 |     777.084µs |                 | GET     /api/v1/plugins/test-plugin/versions 
[GIN] 2026/03/03 - 09:46:22 | 200 |     646.875µs |                 | GET     /api/v1/plugins/test-plugin/versions 
[GIN] 2026/03/03 - 09:46:22 | 200 |     833.041µs |                 | GET     /api/v1/plugins/test-plugin/versions 
[GIN] 2026/03/03 - 09:46:22 | 200 |     294.417µs |                 | GET     /api/v1/plugins/test-plugin/versions 
[GIN] 2026/03/03 - 09:46:22 | 200 |     595.041µs |                 | GET     /api/v1/plugins/test-plugin/versions 
[GIN] 2026/03/03 - 09:46:22 | 200 |     704.041µs |                 | GET     /api/v1/plugins/test-plugin/versions 
[GIN] 2026/03/03 - 09:46:22 | 200 |     793.375µs |                 | GET     /api/v1/plugins/test-plugin/versions 
[GIN] 2026/03/03 - 09:46:22 | 200 |     441.459µs |                 | GET     /api/v1/plugins/test-plugin/versions 
[GIN] 2026/03/03 - 09:46:22 | 200 |   12.378959ms |                 | GET     /api/v1/plugins/test-plugin/versions 
[GIN] 2026/03/03 - 09:46:22 | 200 |   11.563166ms |                 | GET     /api/v1/plugins/test-plugin/versions 
[GIN] 2026/03/03 - 09:46:22 | 200 |    3.221875ms |                 | GET     /api/v1/plugins/test-plugin/versions 
[GIN] 2026/03/03 - 09:46:22 | 200 |     850.209µs |                 | GET     /api/v1/plugins/test-plugin/versions 
[GIN] 2026/03/03 - 09:46:22 | 200 |    2.531458ms |                 | GET     /api/v1/plugins/test-plugin/versions 
[GIN] 2026/03/03 - 09:46:22 | 200 |    3.222084ms |                 | GET     /api/v1/plugins/test-plugin/versions 
[GIN] 2026/03/03 - 09:46:22 | 200 |   27.999084ms |                 | GET     /api/v1/plugins/test-plugin/versions 
[GIN] 2026/03/03 - 09:46:22 | 200 |     5.81925ms |                 | GET     /api/v1/plugins/test-plugin/versions 
[GIN] 2026/03/03 - 09:46:22 | 200 |    3.165625ms |                 | GET     /api/v1/plugins/test-plugin/versions 
[GIN] 2026/03/03 - 09:46:22 | 200 |    3.377958ms |                 | GET     /api/v1/plugins/test-plugin/versions 
[GIN] 2026/03/03 - 09:46:22 | 200 |   12.956584ms |                 | GET     /api/v1/plugins/test-plugin/versions 
[GIN] 2026/03/03 - 09:46:22 | 200 |    1.394083ms |                 | GET     /api/v1/plugins/test-plugin/versions 
[GIN] 2026/03/03 - 09:46:22 | 200 |     609.958µs |                 | GET     /api/v1/plugins/test-plugin/versions 
[GIN] 2026/03/03 - 09:46:22 | 200 |   24.924041ms |                 | GET     /api/v1/plugins/test-plugin/versions 
[GIN] 2026/03/03 - 09:46:22 | 200 |      384.75µs |                 | GET     /api/v1/plugins/test-plugin/versions 
[GIN] 2026/03/03 - 09:46:22 | 200 |     585.541µs |                 | GET     /api/v1/plugins/test-plugin/versions 
[GIN] 2026/03/03 - 09:46:22 | 200 |    1.056708ms |                 | GET     /api/v1/plugins/test-plugin/versions 
[GIN] 2026/03/03 - 09:46:22 | 200 |     521.792µs |                 | GET     /api/v1/plugins/test-plugin/versions 
[GIN] 2026/03/03 - 09:46:22 | 200 |    1.176584ms |                 | GET     /api/v1/plugins/test-plugin/versions 
[GIN] 2026/03/03 - 09:46:22 | 200 |     641.958µs |                 | GET     /api/v1/plugins/test-plugin/versions 
[GIN] 2026/03/03 - 09:46:22 | 200 |      602.75µs |                 | GET     /api/v1/plugins/test-plugin/versions 
[GIN] 2026/03/03 - 09:46:22 | 200 |     497.625µs |                 | GET     /api/v1/plugins/test-plugin/versions 
[GIN] 2026/03/03 - 09:46:22 | 200 |    1.536417ms |                 | GET     /api/v1/plugins/test-plugin/versions 
[GIN] 2026/03/03 - 09:46:22 | 200 |     391.583µs |                 | GET     /api/v1/plugins/test-plugin/versions 
[GIN] 2026/03/03 - 09:46:22 | 200 |     438.208µs |                 | GET     /api/v1/plugins/test-plugin/versions 
[GIN] 2026/03/03 - 09:46:22 | 200 |   24.100208ms |                 | GET     /api/v1/plugins/test-plugin/versions 
[GIN] 2026/03/03 - 09:46:22 | 200 |     508.125µs |                 | GET     /api/v1/plugins/test-plugin/versions 
[GIN] 2026/03/03 - 09:46:22 | 200 |     577.958µs |                 | GET     /api/v1/plugins/test-plugin/versions 
[GIN] 2026/03/03 - 09:46:22 | 200 |   13.497833ms |                 | GET     /api/v1/plugins/test-plugin/versions 
[GIN] 2026/03/03 - 09:46:22 | 200 |    4.190833ms |                 | GET     /api/v1/plugins/test-plugin/versions 
[GIN] 2026/03/03 - 09:46:22 | 200 |     474.666µs |                 | GET     /api/v1/plugins/test-plugin/versions 
[GIN] 2026/03/03 - 09:46:22 | 200 |    4.676708ms |                 | GET     /api/v1/plugins/test-plugin/versions 
[GIN] 2026/03/03 - 09:46:22 | 200 |    1.024417ms |                 | GET     /api/v1/plugins/test-plugin/versions 
[GIN] 2026/03/03 - 09:46:22 | 200 |    7.232125ms |                 | GET     /api/v1/plugins/test-plugin/versions 
[GIN] 2026/03/03 - 09:46:22 | 200 |   13.609625ms |                 | GET     /api/v1/plugins/test-plugin/versions 
[GIN] 2026/03/03 - 09:46:22 | 200 |     473.417µs |                 | GET     /api/v1/plugins/test-plugin/versions 
[GIN] 2026/03/03 - 09:46:22 | 200 |     35.7855ms |                 | GET     /api/v1/plugins/test-plugin/versions 
[GIN] 2026/03/03 - 09:46:22 | 200 |   17.915625ms |                 | GET     /api/v1/plugins/test-plugin/versions 
[GIN] 2026/03/03 - 09:46:22 | 200 |     567.791µs |                 | GET     /api/v1/plugins/test-plugin/versions 
[GIN] 2026/03/03 - 09:46:22 | 200 |     442.458µs |                 | GET     /api/v1/plugins/test-plugin/versions 
[GIN] 2026/03/03 - 09:46:22 | 200 |    6.904625ms |                 | GET     /api/v1/plugins/test-plugin/versions 
[GIN] 2026/03/03 - 09:46:22 | 200 |     551.417µs |                 | GET     /api/v1/plugins/test-plugin/versions 
[GIN] 2026/03/03 - 09:46:22 | 200 |    1.019708ms |                 | GET     /api/v1/plugins/test-plugin/versions 
[GIN] 2026/03/03 - 09:46:22 | 200 |      825.75µs |                 | GET     /api/v1/plugins/test-plugin/versions 
[GIN] 2026/03/03 - 09:46:22 | 200 |     247.958µs |                 | GET     /api/v1/plugins/test-plugin/versions 
[GIN] 2026/03/03 - 09:46:22 | 200 |    1.488459ms |                 | GET     /api/v1/plugins/test-plugin/versions 
[GIN] 2026/03/03 - 09:46:22 | 200 |     738.625µs |                 | GET     /api/v1/plugins/test-plugin/versions 
[GIN] 2026/03/03 - 09:46:22 | 200 |    1.453083ms |                 | GET     /api/v1/plugins/test-plugin/versions 
[GIN] 2026/03/03 - 09:46:22 | 200 |     252.708µs |                 | GET     /api/v1/plugins/test-plugin/versions 
[GIN] 2026/03/03 - 09:46:22 | 200 |     582.041µs |                 | GET     /api/v1/plugins/test-plugin/versions 
[GIN] 2026/03/03 - 09:46:22 | 200 |    1.548209ms |                 | GET     /api/v1/plugins/test-plugin/versions 
[GIN] 2026/03/03 - 09:46:22 | 200 |     361.667µs |                 | GET     /api/v1/plugins/test-plugin/versions 
[GIN] 2026/03/03 - 09:46:22 | 200 |    1.116584ms |                 | GET     /api/v1/plugins/test-plugin/versions 
[GIN] 2026/03/03 - 09:46:22 | 200 |    3.167709ms |                 | GET     /api/v1/plugins/test-plugin/versions 
[GIN] 2026/03/03 - 09:46:22 | 200 |     294.375µs |                 | GET     /api/v1/plugins/test-plugin/versions 
[GIN] 2026/03/03 - 09:46:22 | 200 |     388.459µs |                 | GET     /api/v1/plugins/test-plugin/versions 
[GIN] 2026/03/03 - 09:46:22 | 200 |    1.869417ms |                 | GET     /api/v1/plugins/test-plugin/versions 
[GIN] 2026/03/03 - 09:46:22 | 200 |     271.666µs |                 | GET     /api/v1/plugins/test-plugin/versions 
[GIN] 2026/03/03 - 09:46:22 | 200 |    5.399459ms |                 | GET     /api/v1/plugins/test-plugin/versions 
[GIN] 2026/03/03 - 09:46:22 | 200 |   14.852334ms |                 | GET     /api/v1/plugins/test-plugin/versions 
[GIN] 2026/03/03 - 09:46:22 | 200 |     5.98275ms |                 | GET     /api/v1/plugins/test-plugin/versions 
[GIN] 2026/03/03 - 09:46:22 | 200 |     623.166µs |                 | GET     /api/v1/plugins/test-plugin/versions 
[GIN] 2026/03/03 - 09:46:22 | 200 |     887.625µs |                 | GET     /api/v1/plugins/test-plugin/versions 
[GIN] 2026/03/03 - 09:46:22 | 200 |    2.677166ms |                 | GET     /api/v1/plugins/test-plugin/versions 
[GIN] 2026/03/03 - 09:46:22 | 200 |    1.713625ms |                 | GET     /api/v1/plugins/test-plugin/versions 
[GIN] 2026/03/03 - 09:46:22 | 200 |    7.445042ms |                 | GET     /api/v1/plugins/test-plugin/versions 
[GIN] 2026/03/03 - 09:46:22 | 200 |      515.75µs |                 | GET     /api/v1/plugins/test-plugin/versions 
[GIN] 2026/03/03 - 09:46:22 | 200 |    7.755708ms |                 | GET     /api/v1/plugins/test-plugin/versions 
[GIN] 2026/03/03 - 09:46:22 | 200 |    4.262625ms |                 | GET     /api/v1/plugins/test-plugin/versions 
[GIN] 2026/03/03 - 09:46:22 | 200 |     24.9745ms |                 | GET     /api/v1/plugins/test-plugin/versions 
[GIN] 2026/03/03 - 09:46:22 | 200 |    3.875667ms |                 | GET     /api/v1/plugins/test-plugin/versions 
[GIN] 2026/03/03 - 09:46:22 | 200 |    6.612875ms |                 | GET     /api/v1/plugins/test-plugin/versions 
[GIN] 2026/03/03 - 09:46:22 | 200 |      800.25µs |                 | GET     /api/v1/plugins/test-plugin/versions 
[GIN] 2026/03/03 - 09:46:22 | 200 |     272.084µs |                 | GET     /api/v1/plugins/test-plugin/versions 
[GIN] 2026/03/03 - 09:46:22 | 200 |     264.583µs |                 | GET     /api/v1/plugins/test-plugin/versions 
[GIN] 2026/03/03 - 09:46:22 | 200 |     304.875µs |                 | GET     /api/v1/plugins/test-plugin/versions 
[GIN] 2026/03/03 - 09:46:22 | 200 |     661.834µs |                 | GET     /api/v1/plugins/test-plugin/versions 
[GIN] 2026/03/03 - 09:46:22 | 200 |      927.75µs |                 | GET     /api/v1/plugins/test-plugin/versions 
[GIN] 2026/03/03 - 09:46:22 | 200 |         318µs |                 | GET     /api/v1/plugins/test-plugin/versions 
[GIN] 2026/03/03 - 09:46:22 | 200 |      949.25µs |                 | GET     /api/v1/plugins/test-plugin/versions 
[GIN] 2026/03/03 - 09:46:22 | 200 |         393µs |                 | GET     /api/v1/plugins/test-plugin/versions 
[GIN] 2026/03/03 - 09:46:22 | 200 |     875.625µs |                 | GET     /api/v1/plugins/test-plugin/versions 
[GIN] 2026/03/03 - 09:46:22 | 200 |     687.167µs |                 | GET     /api/v1/plugins/test-plugin/versions 
[GIN] 2026/03/03 - 09:46:22 | 200 |     510.834µs |                 | GET     /api/v1/plugins/test-plugin/versions 
[GIN] 2026/03/03 - 09:46:22 | 200 |     235.833µs |                 | GET     /api/v1/plugins/test-plugin/versions 
[GIN] 2026/03/03 - 09:46:22 | 200 |      321.75µs |                 | GET     /api/v1/plugins/test-plugin/versions 
[GIN] 2026/03/03 - 09:46:22 | 200 |     569.416µs |                 | GET     /api/v1/plugins/test-plugin/versions 
[GIN] 2026/03/03 - 09:46:22 | 200 |     500.792µs |                 | GET     /api/v1/plugins/test-plugin/versions 
[GIN] 2026/03/03 - 09:46:22 | 200 |     453.541µs |                 | GET     /api/v1/plugins/test-plugin/versions 
[GIN] 2026/03/03 - 09:46:22 | 200 |     417.167µs |                 | GET     /api/v1/plugins/test-plugin/versions 
[GIN] 2026/03/03 - 09:46:22 | 200 |    1.121541ms |                 | GET     /api/v1/plugins/test-plugin/versions 
[GIN] 2026/03/03 - 09:46:22 | 200 |         334µs |                 | GET     /api/v1/plugins/test-plugin/versions 
[GIN] 2026/03/03 - 09:46:22 | 200 |    1.565833ms |                 | GET     /api/v1/plugins/test-plugin/versions 
[GIN] 2026/03/03 - 09:46:22 | 200 |    2.259959ms |                 | GET     /api/v1/plugins/test-plugin/versions 
[GIN] 2026/03/03 - 09:46:22 | 200 |    1.844625ms |                 | GET     /api/v1/plugins/test-plugin/versions 
[GIN] 2026/03/03 - 09:46:22 | 200 |    2.002875ms |                 | GET     /api/v1/plugins/test-plugin/versions 
[GIN] 2026/03/03 - 09:46:22 | 200 |     901.875µs |                 | GET     /api/v1/plugins/test-plugin/versions 
[GIN] 2026/03/03 - 09:46:22 | 200 |     525.666µs |                 | GET     /api/v1/plugins/test-plugin/versions 
[GIN] 2026/03/03 - 09:46:22 | 200 |       163.5µs |                 | GET     /api/v1/plugins/test-plugin/versions 
[GIN] 2026/03/03 - 09:46:22 | 200 |    1.766375ms |                 | GET     /api/v1/plugins/test-plugin/versions 
[GIN] 2026/03/03 - 09:46:22 | 200 |    5.384875ms |                 | GET     /api/v1/plugins/test-plugin/versions 
[GIN] 2026/03/03 - 09:46:22 | 200 |      133.75µs |                 | GET     /api/v1/plugins/test-plugin/versions 
[GIN] 2026/03/03 - 09:46:22 | 200 |     601.291µs |                 | GET     /api/v1/plugins/test-plugin/versions 
[GIN] 2026/03/03 - 09:46:22 | 200 |     927.833µs |                 | GET     /api/v1/plugins/test-plugin/versions 
[GIN] 2026/03/03 - 09:46:22 | 200 |    4.105542ms |                 | GET     /api/v1/plugins/test-plugin/versions 
[GIN] 2026/03/03 - 09:46:22 | 200 |         871µs |                 | GET     /api/v1/plugins/test-plugin/versions 
[GIN] 2026/03/03 - 09:46:22 | 200 |     833.042µs |                 | GET     /api/v1/plugins/test-plugin/versions 
[GIN] 2026/03/03 - 09:46:22 | 200 |     154.125µs |                 | GET     /api/v1/plugins/test-plugin/versions 
[GIN] 2026/03/03 - 09:46:22 | 200 |    1.128209ms |                 | GET     /api/v1/plugins/test-plugin/versions 
[GIN] 2026/03/03 - 09:46:22 | 200 |    5.847209ms |                 | GET     /api/v1/plugins/test-plugin/versions 
[GIN] 2026/03/03 - 09:46:22 | 200 |     1.63675ms |                 | GET     /api/v1/plugins/test-plugin/versions 
[GIN] 2026/03/03 - 09:46:22 | 200 |     448.375µs |                 | GET     /api/v1/plugins/test-plugin/versions 
[GIN] 2026/03/03 - 09:46:22 | 200 |     453.875µs |                 | GET     /api/v1/plugins/test-plugin/versions 
[GIN] 2026/03/03 - 09:46:22 | 200 |     999.584µs |                 | GET     /api/v1/plugins/test-plugin/versions 
[GIN] 2026/03/03 - 09:46:22 | 200 |    1.169125ms |                 | GET     /api/v1/plugins/test-plugin/versions 
[GIN] 2026/03/03 - 09:46:22 | 200 |     820.542µs |                 | GET     /api/v1/plugins/test-plugin/versions 
[GIN] 2026/03/03 - 09:46:22 | 200 |     459.708µs |                 | GET     /api/v1/plugins/test-plugin/versions 
[GIN] 2026/03/03 - 09:46:22 | 200 |       772.5µs |                 | GET     /api/v1/plugins/test-plugin/versions 
[GIN] 2026/03/03 - 09:46:22 | 200 |    1.818167ms |                 | GET     /api/v1/plugins/test-plugin/versions 
[GIN] 2026/03/03 - 09:46:22 | 200 |     201.833µs |                 | GET     /api/v1/plugins/test-plugin/versions 
[GIN] 2026/03/03 - 09:46:22 | 200 |     586.166µs |                 | GET     /api/v1/plugins/test-plugin/versions 
[GIN] 2026/03/03 - 09:46:22 | 200 |    1.135292ms |                 | GET     /api/v1/plugins/test-plugin/versions 
[GIN] 2026/03/03 - 09:46:22 | 200 |     859.709µs |                 | GET     /api/v1/plugins/test-plugin/versions 
[GIN] 2026/03/03 - 09:46:22 | 200 |     971.792µs |                 | GET     /api/v1/plugins/test-plugin/versions 
[GIN] 2026/03/03 - 09:46:22 | 200 |     627.542µs |                 | GET     /api/v1/plugins/test-plugin/versions 
[GIN] 2026/03/03 - 09:46:22 | 200 |     536.292µs |                 | GET     /api/v1/plugins/test-plugin/versions 
[GIN] 2026/03/03 - 09:46:22 | 200 |      562.75µs |                 | GET     /api/v1/plugins/test-plugin/versions 
[GIN] 2026/03/03 - 09:46:22 | 200 |     478.042µs |                 | GET     /api/v1/plugins/test-plugin/versions 
[GIN] 2026/03/03 - 09:46:22 | 200 |     327.041µs |                 | GET     /api/v1/plugins/test-plugin/versions 
[GIN] 2026/03/03 - 09:46:22 | 200 |     701.292µs |                 | GET     /api/v1/plugins/test-plugin/versions 
[GIN] 2026/03/03 - 09:46:22 | 200 |    1.235292ms |                 | GET     /api/v1/plugins/test-plugin/versions 
[GIN] 2026/03/03 - 09:46:22 | 200 |     561.709µs |                 | GET     /api/v1/plugins/test-plugin/versions 
[GIN] 2026/03/03 - 09:46:22 | 200 |     714.791µs |                 | GET     /api/v1/plugins/test-plugin/versions 
[GIN] 2026/03/03 - 09:46:22 | 200 |     586.958µs |                 | GET     /api/v1/plugins/test-plugin/versions 
[GIN] 2026/03/03 - 09:46:22 | 200 |      332.75µs |                 | GET     /api/v1/plugins/test-plugin/versions 
[GIN] 2026/03/03 - 09:46:22 | 200 |     415.708µs |                 | GET     /api/v1/plugins/test-plugin/versions 
[GIN] 2026/03/03 - 09:46:22 | 200 |     555.583µs |                 | GET     /api/v1/plugins/test-plugin/versions 
[GIN] 2026/03/03 - 09:46:22 | 200 |     754.125µs |                 | GET     /api/v1/plugins/test-plugin/versions 
[GIN] 2026/03/03 - 09:46:22 | 200 |     290.834µs |                 | GET     /api/v1/plugins/test-plugin/versions 
[GIN] 2026/03/03 - 09:46:22 | 200 |      110.25µs |                 | GET     /api/v1/plugins/test-plugin/versions 
[GIN] 2026/03/03 - 09:46:22 | 200 |     259.875µs |                 | GET     /api/v1/plugins/test-plugin/versions 
[GIN] 2026/03/03 - 09:46:22 | 200 |     110.333µs |                 | GET     /api/v1/plugins/test-plugin/versions 
[GIN] 2026/03/03 - 09:46:22 | 200 |      94.667µs |                 | GET     /api/v1/plugins/test-plugin/versions 
[GIN] 2026/03/03 - 09:46:22 | 200 |      86.458µs |                 | GET     /api/v1/plugins/test-plugin/versions 
[GIN] 2026/03/03 - 09:46:22 | 200 |      88.417µs |                 | GET     /api/v1/plugins/test-plugin/versions 
[GIN] 2026/03/03 - 09:46:22 | 200 |      85.875µs |                 | GET     /api/v1/plugins/test-plugin/versions 
[GIN] 2026/03/03 - 09:46:22 | 200 |        75.5µs |                 | GET     /api/v1/plugins/test-plugin/versions 
    benchmark_test.go:96: 并发测试完成:
    benchmark_test.go:97:   - 并发数: 100
    benchmark_test.go:98:   - 总请求数: 1000
    benchmark_test.go:99:   - 总耗时: 68.046917ms
    benchmark_test.go:100:   - 平均响应时间: 68.046µs
    benchmark_test.go:101:   - QPS: 14695.74
--- PASS: TestConcurrentDownload (0.07s)
=== RUN   TestDatabaseConcurrency
    benchmark_test.go:135: 数据库并发测试完成:
    benchmark_test.go:136:   - 并发数: 50
    benchmark_test.go:137:   - 总耗时: 1.649166ms
    benchmark_test.go:138:   - 平均创建时间: 32.983µs
--- PASS: TestDatabaseConcurrency (0.00s)
=== RUN   TestStressPluginList
    benchmark_test.go:152: 创建 1000 个测试插件...
[GIN] 2026/03/03 - 09:46:22 | 200 |     224.959µs |                 | GET     /api/v1/plugins?page=1&page_size=10 
    benchmark_test.go:165: 分页大小 10: 响应时间 230.833µs
[GIN] 2026/03/03 - 09:46:22 | 200 |      257.25µs |                 | GET     /api/v1/plugins?page=1&page_size=20 
    benchmark_test.go:165: 分页大小 20: 响应时间 260.041µs
[GIN] 2026/03/03 - 09:46:22 | 200 |     335.375µs |                 | GET     /api/v1/plugins?page=1&page_size=50 
    benchmark_test.go:165: 分页大小 50: 响应时间 337.958µs
[GIN] 2026/03/03 - 09:46:22 | 200 |     486.459µs |                 | GET     /api/v1/plugins?page=1&page_size=100 
    benchmark_test.go:165: 分页大小 100: 响应时间 488.959µs
--- PASS: TestStressPluginList (0.01s)
=== RUN   TestSetup
--- PASS: TestSetup (0.00s)
=== RUN   TestCreateTestData
--- PASS: TestCreateTestData (0.00s)
PASS
coverage: 100.0% of statements
ok  	github.com/sub2api/plugin-market/tests/integration	0.435s	coverage: 100.0% of statements
